Archive member included because of file (symbol)

C:\Program Files (x86)\VEX Robotics\VEXcode\sdk/vexv5\libv5rt.a(v5_startup.c.obj)
                              (vexStartup)
C:\Program Files (x86)\VEX Robotics\VEXcode\sdk/vexv5\libv5rt.a(v5_util.c.obj)
                              C:\Program Files (x86)\VEX Robotics\VEXcode\sdk/vexv5\libv5rt.a(v5_startup.c.obj) (vexStdlibVersionLinked)
C:\Program Files (x86)\VEX Robotics\VEXcode\sdk/vexv5\libv5rt.a(v5_apijump.c.obj)
                              C:\Program Files (x86)\VEX Robotics\VEXcode\sdk/vexv5\libv5rt.a(v5_startup.c.obj) (vexPrivateApiEnable)
C:\Program Files (x86)\VEX Robotics\VEXcode\sdk/vexv5\libv5rt.a(v5_apiversions.c.obj)
                              C:\Program Files (x86)\VEX Robotics\VEXcode\sdk/vexv5\libv5rt.a(v5_apijump.c.obj) (vexSystemVersion)
C:\Program Files (x86)\VEX Robotics\VEXcode\sdk/vexv5\libv5rt.a(vex_global.cpp.obj)
                              build/src/main.o (vex::hold)
C:\Program Files (x86)\VEX Robotics\VEXcode\sdk/vexv5\libv5rt.a(vex_motor.cpp.obj)
                              build/src/main.o (vex::motor::installed())
C:\Program Files (x86)\VEX Robotics\VEXcode\sdk/vexv5\libv5rt.a(vex_vision.cpp.obj)
                              build/src/main.o (vex::vision::~vision())
C:\Program Files (x86)\VEX Robotics\VEXcode\sdk/vexv5\libv5rt.a(vex_controller.cpp.obj)
                              build/src/main.o (vex::controller::~controller())
C:\Program Files (x86)\VEX Robotics\VEXcode\sdk/vexv5\libv5rt.a(vex_task.cpp.obj)
                              build/src/main.o (vex::task::task(int (*)()))
C:\Program Files (x86)\VEX Robotics\VEXcode\sdk/vexv5\libv5rt.a(vex_event.cpp.obj)
                              C:\Program Files (x86)\VEX Robotics\VEXcode\sdk/vexv5\libv5rt.a(vex_controller.cpp.obj) (vex::event::init(unsigned long, unsigned long, void (*)()))
C:\Program Files (x86)\VEX Robotics\VEXcode\sdk/vexv5\libv5rt.a(vex_mevent.cpp.obj)
                              C:\Program Files (x86)\VEX Robotics\VEXcode\sdk/vexv5\libv5rt.a(vex_controller.cpp.obj) (vex::mevent::mevent(unsigned long, unsigned long))
C:\Program Files (x86)\VEX Robotics\VEXcode\sdk/vexv5\libv5rt.a(vex_brain.cpp.obj)
                              build/src/main.o (vex::brain::~brain())
C:\Program Files (x86)\VEX Robotics\VEXcode\sdk/vexv5\libv5rt.a(vex_competition.cpp.obj)
                              build/src/main.o (vex::competition::competition())
C:\Program Files (x86)\VEX Robotics\VEXcode\sdk/vexv5\libv5rt.a(vex_triport.cpp.obj)
                              C:\Program Files (x86)\VEX Robotics\VEXcode\sdk/vexv5\libv5rt.a(vex_brain.cpp.obj) (vex::triport::~triport())
C:\Program Files (x86)\VEX Robotics\VEXcode\sdk/vexv5\libv5rt.a(vex_color.cpp.obj)
                              build/src/main.o (vex::color::~color())
C:\Program Files (x86)\VEX Robotics\VEXcode\sdk/vexv5\libv5rt.a(vex_timer.cpp.obj)
                              C:\Program Files (x86)\VEX Robotics\VEXcode\sdk/vexv5\libv5rt.a(vex_brain.cpp.obj) (vex::timer::~timer())
C:\Program Files (x86)\VEX Robotics\VEXcode\sdk/vexv5\libv5rt.a(v5_apiuser.c.obj)
                              C:\Program Files (x86)\VEX Robotics\VEXcode\sdk/vexv5\libv5rt.a(vex_triport.cpp.obj) (vexAdiPortConfigSet)
C:\Program Files (x86)\VEX Robotics\VEXcode\sdk/vexv5\libv5rt.a(vex_device.cpp.obj)
                              C:\Program Files (x86)\VEX Robotics\VEXcode\sdk/vexv5\libv5rt.a(vex_triport.cpp.obj) (vex::device::value())
C:\Program Files (x86)\VEX Robotics\VEXcode\sdk/vexv5/gcc/libs\libstdc++.a(fstream-inst.o)
                              build/src/main.o (VTT for std::basic_ofstream<char, std::char_traits<char> >)
C:\Program Files (x86)\VEX Robotics\VEXcode\sdk/vexv5/gcc/libs\libstdc++.a(eh_exception.o)
                              C:\Program Files (x86)\VEX Robotics\VEXcode\sdk/vexv5/gcc/libs\libstdc++.a(fstream-inst.o) (typeinfo for __cxxabiv1::__forced_unwind)
C:\Program Files (x86)\VEX Robotics\VEXcode\sdk/vexv5/gcc/libs\libstdc++.a(si_class_type_info.o)
                              C:\Program Files (x86)\VEX Robotics\VEXcode\sdk/vexv5/gcc/libs\libstdc++.a(fstream-inst.o) (vtable for __cxxabiv1::__si_class_type_info)
C:\Program Files (x86)\VEX Robotics\VEXcode\sdk/vexv5/gcc/libs\libstdc++.a(ios-inst.o)
                              C:\Program Files (x86)\VEX Robotics\VEXcode\sdk/vexv5/gcc/libs\libstdc++.a(fstream-inst.o) (vtable for std::basic_ios<char, std::char_traits<char> >)
C:\Program Files (x86)\VEX Robotics\VEXcode\sdk/vexv5/gcc/libs\libstdc++.a(ios.o)
                              C:\Program Files (x86)\VEX Robotics\VEXcode\sdk/vexv5/gcc/libs\libstdc++.a(ios-inst.o) (typeinfo for std::ios_base)
C:\Program Files (x86)\VEX Robotics\VEXcode\sdk/vexv5/gcc/libs\libstdc++.a(iostream-inst.o)
                              C:\Program Files (x86)\VEX Robotics\VEXcode\sdk/vexv5/gcc/libs\libstdc++.a(fstream-inst.o) (typeinfo for std::iostream)
[...]
Memory Configuration

Name             Origin             Length             Attributes
ps7_ddr_0_S_AXI_BASEADDR 0x03800000         0x04800000
*default*        0x00000000         0xffffffff

Linker script and memory map

                0x00002000                _STACK_SIZE = DEFINED (_STACK_SIZE)?_STACK_SIZE:0x2000
                0x00100000                _HEAP_SIZE = DEFINED (_HEAP_SIZE)?_HEAP_SIZE:0x100000
                0x00000400                _ABORT_STACK_SIZE = DEFINED (_ABORT_STACK_SIZE)?_ABORT_STACK_SIZE:0x400
                0x00000800                _SUPERVISOR_STACK_SIZE = DEFINED (_SUPERVISOR_STACK_SIZE)?_SUPERVISOR_STACK_SIZE:0x800
                0x00000400                _IRQ_STACK_SIZE = DEFINED (_IRQ_STACK_SIZE)?_IRQ_STACK_SIZE:0x400
                0x00000400                _FIQ_STACK_SIZE = DEFINED (_FIQ_STACK_SIZE)?_FIQ_STACK_SIZE:0x400
                0x00000400                _UNDEF_STACK_SIZE = DEFINED (_UNDEF_STACK_SIZE)?_UNDEF_STACK_SIZE:0x400

.text           0x03800000     0x6e38
 *(.vectors)
 *(.boot_data)
 .boot_data     0x03800000       0x20 C:\Program Files (x86)\VEX Robotics\VEXcode\sdk/vexv5\libv5rt.a(v5_startup.c.obj)
                0x03800000                vexCodeSig
                0x00000020                . = 0x20
 *(.boot)
 .boot          0x03800020       0xb4 C:\Program Files (x86)\VEX Robotics\VEXcode\sdk/vexv5\libv5rt.a(v5_startup.c.obj)
                0x03800020                vexStartup
                0x03800100                . = ALIGN (0x40)
 *fill*         0x038000d4       0x2c 
 *(.freertos_vectors)
 *(.text)
 *(.text.*)
 .text._ZN3vex6visionC2IJNS0_9signatureES2_S2_S2_S2_S2_S2_EEElhDpT_
                0x03800100       0xec build/src/main.o
                0x03800100                vex::vision::vision<vex::vision::signature, vex::vision::signature, vex::vision::signature, vex::vision::signature, vex::vision::signature, vex::vision::signature, vex::vision::signature>(long, unsigned char, vex::vision::signature, vex::vision::signature, vex::vision::signature, vex::vision::signature, vex::vision::signature, vex::vision::signature, vex::vision::signature)
 .text._ZN21velocityRecordedMotorD2Ev
                0x038001ec       0x4c build/src/main.o
                0x038001ec                velocityRecordedMotor::~velocityRecordedMotor()
 .text.__cxx_global_array_dtor
                0x03800238       0x2c build/src/main.o
 .text._Z11rainbowlogov
                0x03800264       0xf0 build/src/main.o
                0x03800264                rainbowlogo()
 *fill*         0x03800354        0x4 
 .text._Z11moveForwarddd
                0x03800358      0x580 build/src/main.o
                0x03800358                moveForward(double, double)
 .text._Z12moveBackwarddd
                0x038008d8      0x578 build/src/main.o
                0x038008d8                moveBackward(double, double)
 .text._Z8turnLeftdi
                0x03800e50      0x140 build/src/main.o
                0x03800e50                turnLeft(double, int)
 .text._Z9turnRightdi
                0x03800f90      0x160 build/src/main.o
                0x03800f90                turnRight(double, int)
 .text._Z17moveForwardSimplefi
                0x038010f0      0x160 build/src/main.o
                0x038010f0                moveForwardSimple(float, int)
 .text._Z8myIntakev
                0x03801250       0x68 build/src/main.o
                0x03801250                myIntake()
 .text._Z12myStopIntakev
                0x038012b8       0x5c build/src/main.o
                0x038012b8                myStopIntake()
 *fill*         0x03801314        0x4 
 .text._Z9myIntake1v
                0x03801318       0x68 build/src/main.o
                0x03801318                myIntake1()
 .text._Z13myStopIntake1v
                0x03801380       0x5c build/src/main.o
                0x03801380                myStopIntake1()
 *fill*         0x038013dc        0x4 
 .text._Z9myIntake2v
                0x038013e0       0x68 build/src/main.o
                0x038013e0                myIntake2()
 .text._Z9myIntake3v
                0x03801448       0x68 build/src/main.o
                0x03801448                myIntake3()
 .text._Z9myIntake4v
                0x038014b0       0x68 build/src/main.o
                0x038014b0                myIntake4()
 .text._Z7moveArmv
                0x03801518      0x110 build/src/main.o
                0x03801518                moveArm()
 .text._Z11moveArmDownv
                0x03801628       0x78 build/src/main.o
                0x03801628                moveArmDown()
 .text._Z11moveArmHighv
                0x038016a0      0x118 build/src/main.o
                0x038016a0                moveArmHigh()
 .text._Z15moveArmDownHighv
                0x038017b8       0x70 build/src/main.o
                0x038017b8                moveArmDownHigh()
 .text.__cxx_global_array_dtor.53
                0x03801828       0x34 build/src/main.o
 .text._Z10findButtonss
                0x0380185c       0x6c build/src/main.o
                0x0380185c                findButton(short, short)
 .text._Z24userTouchCallbackPressedv
                0x038018c8       0x50 build/src/main.o
                0x038018c8                userTouchCallbackPressed()
 .text._Z21displayButtonControlsib
                0x03801918      0x160 build/src/main.o
                0x03801918                displayButtonControls(int, bool)
 .text._Z25userTouchCallbackReleasedv
                0x03801a78       0x78 build/src/main.o
                0x03801a78                userTouchCallbackReleased()
 .text._Z8preAutonv
                0x03801af0       0x44 build/src/main.o
                0x03801af0                preAuton()
 *fill*         0x03801b34        0x4 
 .text._Z5autonv
                0x03801b38      0xb08 build/src/main.o
                0x03801b38                auton()
 .text._Z6togglev
                0x03802640       0xf8 build/src/main.o
                0x03802640                toggle()
 .text._Z9toggleMidv
                0x03802738       0xf8 build/src/main.o
                0x03802738                toggleMid()
 .text._Z13driverControlv
                0x03802830      0x468 build/src/main.o
                0x03802830                driverControl()
 .text._Z9pre_autonv
                0x03802c98        0xc build/src/main.o
                0x03802c98                pre_auton()
 .text._Z10autonomousv
                0x03802ca4        0x4 build/src/main.o
                0x03802ca4                autonomous()
 .text._Z11usercontrolv
                0x03802ca8       0x10 build/src/main.o
                0x03802ca8                usercontrol()
 .text.main     0x03802cb8       0x48 build/src/main.o
                0x03802cb8                main
 .text._ZN3vex6vision7_setsigINS0_9signatureEJS2_S2_S2_S2_S2_S2_EEEvRT_DpT0_
                0x03802d00       0xc8 build/src/main.o
                0x03802d00                void vex::vision::_setsig<vex::vision::signature, vex::vision::signature, vex::vision::signature, vex::vision::signature, vex::vision::signature, vex::vision::signature, vex::vision::signature>(vex::vision::signature&, vex::vision::signature, vex::vision::signature, vex::vision::signature, vex::vision::signature, vex::vision::signature, vex::vision::signature)
 .text._ZN3vex6vision7_setsigINS0_9signatureEJS2_S2_S2_S2_S2_EEEvRT_DpT0_
                0x03802dc8       0xac build/src/main.o
                0x03802dc8                void vex::vision::_setsig<vex::vision::signature, vex::vision::signature, vex::vision::signature, vex::vision::signature, vex::vision::signature, vex::vision::signature>(vex::vision::signature&, vex::vision::signature, vex::vision::signature, vex::vision::signature, vex::vision::signature, vex::vision::signature)
 .text._ZN3vex6vision7_setsigINS0_9signatureEJS2_S2_S2_S2_EEEvRT_DpT0_
                0x03802e74       0x90 build/src/main.o
                0x03802e74                void vex::vision::_setsig<vex::vision::signature, vex::vision::signature, vex::vision::signature, vex::vision::signature, vex::vision::signature>(vex::vision::signature&, vex::vision::signature, vex::vision::signature, vex::vision::signature, vex::vision::signature)
 .text._ZN3vex6vision7_setsigINS0_9signatureEJS2_S2_S2_EEEvRT_DpT0_
                0x03802f04       0x70 build/src/main.o
                0x03802f04                void vex::vision::_setsig<vex::vision::signature, vex::vision::signature, vex::vision::signature, vex::vision::signature>(vex::vision::signature&, vex::vision::signature, vex::vision::signature, vex::vision::signature)
 .text._ZN3vex6vision7_setsigINS0_9signatureEJS2_S2_EEEvRT_DpT0_
                0x03802f74       0x58 build/src/main.o
                0x03802f74                void vex::vision::_setsig<vex::vision::signature, vex::vision::signature, vex::vision::signature>(vex::vision::signature&, vex::vision::signature, vex::vision::signature)
 *fill*         0x03802fcc        0x4 
 .text._GLOBAL__sub_I_main.cpp
                0x03802fd0      0xa98 build/src/main.o
 .text.vexMain  0x03803a68       0xb0 C:\Program Files (x86)\VEX Robotics\VEXcode\sdk/vexv5\libv5rt.a(v5_startup.c.obj)
                0x03803a68                vexMain
 .text.__vex_function_prolog
                0x03803b18       0x18 C:\Program Files (x86)\VEX Robotics\VEXcode\sdk/vexv5\libv5rt.a(v5_startup.c.obj)
                0x03803b18                __vex_function_prolog
 .text._init    0x03803b30        0x4 C:\Program Files (x86)\VEX Robotics\VEXcode\sdk/vexv5\libv5rt.a(v5_startup.c.obj)
                0x03803b30                _init
 .text._fini    0x03803b34        0x4 C:\Program Files (x86)\VEX Robotics\VEXcode\sdk/vexv5\libv5rt.a(v5_startup.c.obj)
                0x03803b34                _fini
 .text.vexStdlibVersionLinked
                0x03803b38        0xc C:\Program Files (x86)\VEX Robotics\VEXcode\sdk/vexv5\libv5rt.a(v5_util.c.obj)
                0x03803b38                vexStdlibVersionLinked
 .text.vexStdlibVersionVerify
                0x03803b44       0x30 C:\Program Files (x86)\VEX Robotics\VEXcode\sdk/vexv5\libv5rt.a(v5_util.c.obj)
                0x03803b44                vexStdlibVersionVerify
 .text.vexPrivateApiEnable
                0x03803b74       0x10 C:\Program Files (x86)\VEX Robotics\VEXcode\sdk/vexv5\libv5rt.a(v5_apijump.c.obj)
                0x03803b74                vexPrivateApiEnable
 .text.vexStdlibMismatchError
                0x03803b84       0x3c C:\Program Files (x86)\VEX Robotics\VEXcode\sdk/vexv5\libv5rt.a(v5_apijump.c.obj)
                0x03803b84                vexStdlibMismatchError
 .text.vexScratchMemoryPtr
                0x03803bc0       0x30 C:\Program Files (x86)\VEX Robotics\VEXcode\sdk/vexv5\libv5rt.a(v5_apijump.c.obj)
                0x03803bc0                vexScratchMemoryPtr
 .text.vexTaskAdd
                0x03803bf0       0x10 C:\Program Files (x86)\VEX Robotics\VEXcode\sdk/vexv5\libv5rt.a(v5_apijump.c.obj)
                0x03803bf0                vexTaskAdd
 .text.vexTaskStop
                0x03803c00       0x10 C:\Program Files (x86)\VEX Robotics\VEXcode\sdk/vexv5\libv5rt.a(v5_apijump.c.obj)
                0x03803c00                vexTaskStop
 .text.vexTasksRun
                0x03803c10       0x10 C:\Program Files (x86)\VEX Robotics\VEXcode\sdk/vexv5\libv5rt.a(v5_apijump.c.obj)
                0x03803c10                vexTasksRun
 .text.vexTaskYield
                0x03803c20       0x10 C:\Program Files (x86)\VEX Robotics\VEXcode\sdk/vexv5\libv5rt.a(v5_apijump.c.obj)
                0x03803c20                vexTaskYield
 .text.vexTaskCheckTimeslice
                0x03803c30       0x10 C:\Program Files (x86)\VEX Robotics\VEXcode\sdk/vexv5\libv5rt.a(v5_apijump.c.obj)
                0x03803c30                vexTaskCheckTimeslice
 .text.vexTaskSleep
                0x03803c40       0x10 C:\Program Files (x86)\VEX Robotics\VEXcode\sdk/vexv5\libv5rt.a(v5_apijump.c.obj)
                0x03803c40                vexTaskSleep
 .text.vexTasksDump
                0x03803c50       0x1c C:\Program Files (x86)\VEX Robotics\VEXcode\sdk/vexv5\libv5rt.a(v5_apijump.c.obj)
                0x03803c50                vexTasksDump
 .text.vexTaskGetTaskIndex
                0x03803c6c       0x10 C:\Program Files (x86)\VEX Robotics\VEXcode\sdk/vexv5\libv5rt.a(v5_apijump.c.obj)
                0x03803c6c                vexTaskGetTaskIndex
 .text.vexTaskStopAll
                0x03803c7c       0x10 C:\Program Files (x86)\VEX Robotics\VEXcode\sdk/vexv5\libv5rt.a(v5_apijump.c.obj)
                0x03803c7c                vexTaskStopAll
 .text.vexTaskRemoveAllUser
                0x03803c8c       0x34 C:\Program Files (x86)\VEX Robotics\VEXcode\sdk/vexv5\libv5rt.a(v5_apijump.c.obj)
                0x03803c8c                vexTaskRemoveAllUser
 .text.vexTaskCompletionIdSet
                0x03803cc0       0x10 C:\Program Files (x86)\VEX Robotics\VEXcode\sdk/vexv5\libv5rt.a(v5_apijump.c.obj)
                0x03803cc0                vexTaskCompletionIdSet
 .text.vexCriticalSection
                0x03803cd0       0x2c C:\Program Files (x86)\VEX Robotics\VEXcode\sdk/vexv5\libv5rt.a(v5_apijump.c.obj)
                0x03803cd0                vexCriticalSection
 .text.vexEventAdd
                0x03803cfc       0x34 C:\Program Files (x86)\VEX Robotics\VEXcode\sdk/vexv5\libv5rt.a(v5_apijump.c.obj)
                0x03803cfc                vexEventAdd
 .text.vexEventUserIndexGet
                0x03803d30       0x1c C:\Program Files (x86)\VEX Robotics\VEXcode\sdk/vexv5\libv5rt.a(v5_apijump.c.obj)
                0x03803d30                vexEventUserIndexGet
 .text.vexEventAddWithArg
                0x03803d4c       0x3c C:\Program Files (x86)\VEX Robotics\VEXcode\sdk/vexv5\libv5rt.a(v5_apijump.c.obj)
                0x03803d4c                vexEventAddWithArg
 .text.vexEventsCleanup
                0x03803d88       0x2c C:\Program Files (x86)\VEX Robotics\VEXcode\sdk/vexv5\libv5rt.a(v5_apijump.c.obj)
                0x03803d88                vexEventsCleanup
 .text.vexDebug
                0x03803db4       0x38 C:\Program Files (x86)\VEX Robotics\VEXcode\sdk/vexv5\libv5rt.a(v5_apijump.c.obj)
                0x03803db4                vexDebug
 .text.vex_sprintf
                0x03803dec       0x40 C:\Program Files (x86)\VEX Robotics\VEXcode\sdk/vexv5\libv5rt.a(v5_apijump.c.obj)
                0x03803dec                vex_sprintf
 .text.vex_vsnprintf
                0x03803e2c       0x3c C:\Program Files (x86)\VEX Robotics\VEXcode\sdk/vexv5\libv5rt.a(v5_apijump.c.obj)
                0x03803e2c                vex_vsnprintf
 .text.vexSystemTimeGet
                0x03803e68       0x1c C:\Program Files (x86)\VEX Robotics\VEXcode\sdk/vexv5\libv5rt.a(v5_apijump.c.obj)
                0x03803e68                vexSystemTimeGet
 .text.vexSystemExitRequest
                0x03803e84       0x1c C:\Program Files (x86)\VEX Robotics\VEXcode\sdk/vexv5\libv5rt.a(v5_apijump.c.obj)
                0x03803e84                vexSystemExitRequest
 .text.vexDeviceGetByIndex
                0x03803ea0       0x24 C:\Program Files (x86)\VEX Robotics\VEXcode\sdk/vexv5\libv5rt.a(v5_apijump.c.obj)
                0x03803ea0                vexDeviceGetByIndex
 .text.vexControllerGet
                0x03803ec4       0x2c C:\Program Files (x86)\VEX Robotics\VEXcode\sdk/vexv5\libv5rt.a(v5_apijump.c.obj)
                0x03803ec4                vexControllerGet
 .text.vexDeviceAdiPortConfigSet
                0x03803ef0       0x34 C:\Program Files (x86)\VEX Robotics\VEXcode\sdk/vexv5\libv5rt.a(v5_apijump.c.obj)
                0x03803ef0                vexDeviceAdiPortConfigSet
 .text.vexDeviceMotorVelocitySet
                0x03803f24       0x2c C:\Program Files (x86)\VEX Robotics\VEXcode\sdk/vexv5\libv5rt.a(v5_apijump.c.obj)
                0x03803f24                vexDeviceMotorVelocitySet
 .text.vexDeviceMotorActualVelocityGet
                0x03803f50       0x24 C:\Program Files (x86)\VEX Robotics\VEXcode\sdk/vexv5\libv5rt.a(v5_apijump.c.obj)
                0x03803f50                vexDeviceMotorActualVelocityGet
 .text.vexDeviceMotorZeroPositionFlagGet
                0x03803f74       0x24 C:\Program Files (x86)\VEX Robotics\VEXcode\sdk/vexv5\libv5rt.a(v5_apijump.c.obj)
                0x03803f74                vexDeviceMotorZeroPositionFlagGet
 .text.vexDeviceMotorReverseFlagSet
                0x03803f98       0x2c C:\Program Files (x86)\VEX Robotics\VEXcode\sdk/vexv5\libv5rt.a(v5_apijump.c.obj)
                0x03803f98                vexDeviceMotorReverseFlagSet
 .text.vexDeviceMotorEncoderUnitsSet
                0x03803fc4       0x2c C:\Program Files (x86)\VEX Robotics\VEXcode\sdk/vexv5\libv5rt.a(v5_apijump.c.obj)
                0x03803fc4                vexDeviceMotorEncoderUnitsSet
 .text.vexDeviceMotorBrakeModeSet
                0x03803ff0       0x2c C:\Program Files (x86)\VEX Robotics\VEXcode\sdk/vexv5\libv5rt.a(v5_apijump.c.obj)
                0x03803ff0                vexDeviceMotorBrakeModeSet
 .text.vexDeviceMotorPositionSet
                0x0380401c       0x34 C:\Program Files (x86)\VEX Robotics\VEXcode\sdk/vexv5\libv5rt.a(v5_apijump.c.obj)
                0x0380401c                vexDeviceMotorPositionSet
 .text.vexDeviceMotorPositionGet
                0x03804050       0x24 C:\Program Files (x86)\VEX Robotics\VEXcode\sdk/vexv5\libv5rt.a(v5_apijump.c.obj)
                0x03804050                vexDeviceMotorPositionGet
 .text.vexDeviceMotorAbsoluteTargetSet
                0x03804074       0x3c C:\Program Files (x86)\VEX Robotics\VEXcode\sdk/vexv5\libv5rt.a(v5_apijump.c.obj)
                0x03804074                vexDeviceMotorAbsoluteTargetSet
 .text.vexDeviceMotorRelativeTargetSet
                0x038040b0       0x3c C:\Program Files (x86)\VEX Robotics\VEXcode\sdk/vexv5\libv5rt.a(v5_apijump.c.obj)
                0x038040b0                vexDeviceMotorRelativeTargetSet
 .text.vexDeviceMotorGearingSet
                0x038040ec       0x2c C:\Program Files (x86)\VEX Robotics\VEXcode\sdk/vexv5\libv5rt.a(v5_apijump.c.obj)
                0x038040ec                vexDeviceMotorGearingSet
 .text.vexDeviceMotorGearingGet
                0x03804118       0x24 C:\Program Files (x86)\VEX Robotics\VEXcode\sdk/vexv5\libv5rt.a(v5_apijump.c.obj)
                0x03804118                vexDeviceMotorGearingGet
 .text.vexDeviceVisionModeSet
                0x0380413c       0x2c C:\Program Files (x86)\VEX Robotics\VEXcode\sdk/vexv5\libv5rt.a(v5_apijump.c.obj)
                0x0380413c                vexDeviceVisionModeSet
 .text.vexDeviceVisionObjectCountGet
                0x03804168       0x24 C:\Program Files (x86)\VEX Robotics\VEXcode\sdk/vexv5\libv5rt.a(v5_apijump.c.obj)
                0x03804168                vexDeviceVisionObjectCountGet
 .text.vexDeviceVisionObjectGet
                0x0380418c       0x34 C:\Program Files (x86)\VEX Robotics\VEXcode\sdk/vexv5\libv5rt.a(v5_apijump.c.obj)
                0x0380418c                vexDeviceVisionObjectGet
 .text.vexDeviceVisionSignatureSet
                0x038041c0       0x2c C:\Program Files (x86)\VEX Robotics\VEXcode\sdk/vexv5\libv5rt.a(v5_apijump.c.obj)
                0x038041c0                vexDeviceVisionSignatureSet
 .text.vexDeviceVisionBrightnessSet
                0x038041ec       0x2c C:\Program Files (x86)\VEX Robotics\VEXcode\sdk/vexv5\libv5rt.a(v5_apijump.c.obj)
                0x038041ec                vexDeviceVisionBrightnessSet
 .text.vexDeviceVisionLedModeSet
                0x03804218       0x2c C:\Program Files (x86)\VEX Robotics\VEXcode\sdk/vexv5\libv5rt.a(v5_apijump.c.obj)
                0x03804218                vexDeviceVisionLedModeSet
 .text.vexDeviceVisionLedColorSet
                0x03804244       0x30 C:\Program Files (x86)\VEX Robotics\VEXcode\sdk/vexv5\libv5rt.a(v5_apijump.c.obj)
                0x03804244                vexDeviceVisionLedColorSet
 .text.vexDisplayForegroundColor
                0x03804274       0x24 C:\Program Files (x86)\VEX Robotics\VEXcode\sdk/vexv5\libv5rt.a(v5_apijump.c.obj)
                0x03804274                vexDisplayForegroundColor
 .text.vexDisplayBackgroundColor
                0x03804298       0x24 C:\Program Files (x86)\VEX Robotics\VEXcode\sdk/vexv5\libv5rt.a(v5_apijump.c.obj)
                0x03804298                vexDisplayBackgroundColor
 .text.vexDisplayBackgroundColorGet
                0x038042bc       0x1c C:\Program Files (x86)\VEX Robotics\VEXcode\sdk/vexv5\libv5rt.a(v5_apijump.c.obj)
                0x038042bc                vexDisplayBackgroundColorGet
 .text.vexDisplayCopyRect
                0x038042d8       0x5c C:\Program Files (x86)\VEX Robotics\VEXcode\sdk/vexv5\libv5rt.a(v5_apijump.c.obj)
                0x038042d8                vexDisplayCopyRect
 .text.vexDisplayRectDraw
                0x03804334       0x4c C:\Program Files (x86)\VEX Robotics\VEXcode\sdk/vexv5\libv5rt.a(v5_apijump.c.obj)
                0x03804334                vexDisplayRectDraw
 .text.vexDisplayRectClear
                0x03804380       0x4c C:\Program Files (x86)\VEX Robotics\VEXcode\sdk/vexv5\libv5rt.a(v5_apijump.c.obj)
                0x03804380                vexDisplayRectClear
 .text.vexDisplayPrintf
                0x038043cc       0x68 C:\Program Files (x86)\VEX Robotics\VEXcode\sdk/vexv5\libv5rt.a(v5_apijump.c.obj)
                0x038043cc                vexDisplayPrintf
 .text.vexDisplayTextReference
                0x03804434       0x24 C:\Program Files (x86)\VEX Robotics\VEXcode\sdk/vexv5\libv5rt.a(v5_apijump.c.obj)
                0x03804434                vexDisplayTextReference
 .text.vexDisplayTextSize
                0x03804458       0x2c C:\Program Files (x86)\VEX Robotics\VEXcode\sdk/vexv5\libv5rt.a(v5_apijump.c.obj)
                0x03804458                vexDisplayTextSize
 .text.vexDisplayFontNamedSet
                0x03804484       0x24 C:\Program Files (x86)\VEX Robotics\VEXcode\sdk/vexv5\libv5rt.a(v5_apijump.c.obj)
                0x03804484                vexDisplayFontNamedSet
 .text.vexDisplayPenSizeGet
                0x038044a8       0x1c C:\Program Files (x86)\VEX Robotics\VEXcode\sdk/vexv5\libv5rt.a(v5_apijump.c.obj)
                0x038044a8                vexDisplayPenSizeGet
 .text.vexFileOpen
                0x038044c4       0x2c C:\Program Files (x86)\VEX Robotics\VEXcode\sdk/vexv5\libv5rt.a(v5_apijump.c.obj)
                0x038044c4                vexFileOpen
 .text.vexFileClose
                0x038044f0       0x24 C:\Program Files (x86)\VEX Robotics\VEXcode\sdk/vexv5\libv5rt.a(v5_apijump.c.obj)
                0x038044f0                vexFileClose
 .text.vexFileRead
                0x03804514       0x3c C:\Program Files (x86)\VEX Robotics\VEXcode\sdk/vexv5\libv5rt.a(v5_apijump.c.obj)
                0x03804514                vexFileRead
 .text.vexFileSize
                0x03804550       0x24 C:\Program Files (x86)\VEX Robotics\VEXcode\sdk/vexv5\libv5rt.a(v5_apijump.c.obj)
                0x03804550                vexFileSize
 .text.vexFileDriveStatus
                0x03804574       0x24 C:\Program Files (x86)\VEX Robotics\VEXcode\sdk/vexv5\libv5rt.a(v5_apijump.c.obj)
                0x03804574                vexFileDriveStatus
 .text.vexSystemStdlibImpureDataAddr
                0x03804598       0x28 C:\Program Files (x86)\VEX Robotics\VEXcode\sdk/vexv5\libv5rt.a(v5_apijump.c.obj)
                0x03804598                vexSystemStdlibImpureDataAddr
 .text.vexSystemStdlibImpureDataSize
                0x038045c0       0x28 C:\Program Files (x86)\VEX Robotics\VEXcode\sdk/vexv5\libv5rt.a(v5_apijump.c.obj)
                0x038045c0                vexSystemStdlibImpureDataSize
 .text.vexTouchDataGet
                0x038045e8       0x10 C:\Program Files (x86)\VEX Robotics\VEXcode\sdk/vexv5\libv5rt.a(v5_apijump.c.obj)
                0x038045e8                vexTouchDataGet
 .text.vexImageBmpRead
                0x038045f8       0x3c C:\Program Files (x86)\VEX Robotics\VEXcode\sdk/vexv5\libv5rt.a(v5_apijump.c.obj)
                0x038045f8                vexImageBmpRead
 .text.vexImagePngRead
                0x03804634       0x44 C:\Program Files (x86)\VEX Robotics\VEXcode\sdk/vexv5\libv5rt.a(v5_apijump.c.obj)
                0x03804634                vexImagePngRead
 .text.vexDisplayThemeIdGet
                0x03804678       0x38 C:\Program Files (x86)\VEX Robotics\VEXcode\sdk/vexv5\libv5rt.a(v5_apijump.c.obj)
                0x03804678                vexDisplayThemeIdGet
 .text.vexDeviceEventMaskSet
                0x038046b0       0x48 C:\Program Files (x86)\VEX Robotics\VEXcode\sdk/vexv5\libv5rt.a(v5_apijump.c.obj)
                0x038046b0                vexDeviceEventMaskSet
 .text.vexDeviceEventMaskGet
                0x038046f8       0x3c C:\Program Files (x86)\VEX Robotics\VEXcode\sdk/vexv5\libv5rt.a(v5_apijump.c.obj)
                0x038046f8                vexDeviceEventMaskGet
 .text.vexSystemVersion
                0x03804734       0x10 C:\Program Files (x86)\VEX Robotics\VEXcode\sdk/vexv5\libv5rt.a(v5_apiversions.c.obj)
                0x03804734                vexSystemVersion
 .text.vexStdlibVersion
                0x03804744       0x10 C:\Program Files (x86)\VEX Robotics\VEXcode\sdk/vexv5\libv5rt.a(v5_apiversions.c.obj)
                0x03804744                vexStdlibVersion
 .text._ZN3vex5motor9installedEv
                0x03804754       0x18 C:\Program Files (x86)\VEX Robotics\VEXcode\sdk/vexv5\libv5rt.a(vex_motor.cpp.obj)
                0x03804754                vex::motor::installed()
 .text._ZN3vex5motorD2Ev
                0x0380476c       0x20 C:\Program Files (x86)\VEX Robotics\VEXcode\sdk/vexv5\libv5rt.a(vex_motor.cpp.obj)
                0x0380476c                vex::motor::~motor()
                0x0380476c                vex::motor::~motor()
 .text._ZN3vex5motor11setReversedEb
                0x0380478c        0x8 C:\Program Files (x86)\VEX Robotics\VEXcode\sdk/vexv5\libv5rt.a(vex_motor.cpp.obj)
                0x0380478c                vex::motor::setReversed(bool)
 .text._ZN3vex5motor15defaultStoppingENS_9brakeTypeE
                0x03804794       0x30 C:\Program Files (x86)\VEX Robotics\VEXcode\sdk/vexv5\libv5rt.a(vex_motor.cpp.obj)
                0x03804794                vex::motor::defaultStopping(vex::brakeType)
 .text._ZN3vex5motorC2El
                0x038047c4       0x70 C:\Program Files (x86)\VEX Robotics\VEXcode\sdk/vexv5\libv5rt.a(vex_motor.cpp.obj)
                0x038047c4                vex::motor::motor(long)
                0x038047c4                vex::motor::motor(long)
 .text._ZN3vex5motorC2ElNS_11gearSettingEb
                0x03804834       0x34 C:\Program Files (x86)\VEX Robotics\VEXcode\sdk/vexv5\libv5rt.a(vex_motor.cpp.obj)
                0x03804834                vex::motor::motor(long, vex::gearSetting, bool)
                0x03804834                vex::motor::motor(long, vex::gearSetting, bool)
 .text._ZN3vex5motorC2ElNS_11gearSettingE
                0x03804868       0x24 C:\Program Files (x86)\VEX Robotics\VEXcode\sdk/vexv5\libv5rt.a(vex_motor.cpp.obj)
                0x03804868                vex::motor::motor(long, vex::gearSetting)
                0x03804868                vex::motor::motor(long, vex::gearSetting)
 .text._ZN3vex5motor4stopENS_9brakeTypeE
                0x0380488c       0x30 C:\Program Files (x86)\VEX Robotics\VEXcode\sdk/vexv5\libv5rt.a(vex_motor.cpp.obj)
                0x0380488c                vex::motor::stop(vex::brakeType)
 .text._ZN3vex5motor4stopEv
                0x038048bc        0x8 C:\Program Files (x86)\VEX Robotics\VEXcode\sdk/vexv5\libv5rt.a(vex_motor.cpp.obj)
                0x038048bc                vex::motor::stop()
 .text._ZN3vex5motor16velocityToScaledEdNS_13velocityUnitsE
                0x038048c4       0x5c C:\Program Files (x86)\VEX Robotics\VEXcode\sdk/vexv5\libv5rt.a(vex_motor.cpp.obj)
                0x038048c4                vex::motor::velocityToScaled(double, vex::velocityUnits)
 .text._ZN3vex5motor8velocityENS_13velocityUnitsE
                0x03804920       0x30 C:\Program Files (x86)\VEX Robotics\VEXcode\sdk/vexv5\libv5rt.a(vex_motor.cpp.obj)
                0x03804920                vex::motor::velocity(vex::velocityUnits)
 .text._ZN3vex5motor5valueEv
                0x03804950       0x1c C:\Program Files (x86)\VEX Robotics\VEXcode\sdk/vexv5\libv5rt.a(vex_motor.cpp.obj)
                0x03804950                vex::motor::value()
 .text._ZN3vex5motor16scaledToVelocityEdNS_13velocityUnitsE
                0x0380496c       0xa4 C:\Program Files (x86)\VEX Robotics\VEXcode\sdk/vexv5\libv5rt.a(vex_motor.cpp.obj)
                0x0380496c                vex::motor::scaledToVelocity(double, vex::velocityUnits)
 .text._ZN3vex5motor4spinENS_13directionTypeEdNS_13velocityUnitsE
                0x03804a10       0x5c C:\Program Files (x86)\VEX Robotics\VEXcode\sdk/vexv5\libv5rt.a(vex_motor.cpp.obj)
                0x03804a10                vex::motor::spin(vex::directionType, double, vex::velocityUnits)
 .text._ZN3vex5motor4spinENS_13directionTypeE
                0x03804a6c       0x28 C:\Program Files (x86)\VEX Robotics\VEXcode\sdk/vexv5\libv5rt.a(vex_motor.cpp.obj)
                0x03804a6c                vex::motor::spin(vex::directionType)
 .text._ZN3vex5motor11setVelocityEdNS_13velocityUnitsE
                0x03804a94       0x54 C:\Program Files (x86)\VEX Robotics\VEXcode\sdk/vexv5\libv5rt.a(vex_motor.cpp.obj)
                0x03804a94                vex::motor::setVelocity(double, vex::velocityUnits)
 .text._ZN3vex5motor16setRotationUnitsENS_13rotationUnitsE
                0x03804ae8       0x1c C:\Program Files (x86)\VEX Robotics\VEXcode\sdk/vexv5\libv5rt.a(vex_motor.cpp.obj)
                0x03804ae8                vex::motor::setRotationUnits(vex::rotationUnits)
 .text._ZN3vex5motor11setRotationEdNS_13rotationUnitsE
                0x03804b04       0x44 C:\Program Files (x86)\VEX Robotics\VEXcode\sdk/vexv5\libv5rt.a(vex_motor.cpp.obj)
                0x03804b04                vex::motor::setRotation(double, vex::rotationUnits)
 .text._ZN3vex5motor8rotateToEdNS_13rotationUnitsEdNS_13velocityUnitsEb
                0x03804b48       0xc4 C:\Program Files (x86)\VEX Robotics\VEXcode\sdk/vexv5\libv5rt.a(vex_motor.cpp.obj)
                0x03804b48                vex::motor::rotateTo(double, vex::rotationUnits, double, vex::velocityUnits, bool)
 .text._ZN3vex5motor8rotateToEdNS_13rotationUnitsEb
                0x03804c0c       0x34 C:\Program Files (x86)\VEX Robotics\VEXcode\sdk/vexv5\libv5rt.a(vex_motor.cpp.obj)
                0x03804c0c                vex::motor::rotateTo(double, vex::rotationUnits, bool)
 .text._ZN3vex5motor9rotateForEdNS_13rotationUnitsEdNS_13velocityUnitsEb
                0x03804c40       0xe0 C:\Program Files (x86)\VEX Robotics\VEXcode\sdk/vexv5\libv5rt.a(vex_motor.cpp.obj)
                0x03804c40                vex::motor::rotateFor(double, vex::rotationUnits, double, vex::velocityUnits, bool)
 .text._ZN3vex5motor9rotateForEdNS_13rotationUnitsEb
                0x03804d20       0x34 C:\Program Files (x86)\VEX Robotics\VEXcode\sdk/vexv5\libv5rt.a(vex_motor.cpp.obj)
                0x03804d20                vex::motor::rotateFor(double, vex::rotationUnits, bool)
 .text._ZN3vex5motor8rotationENS_13rotationUnitsE
                0x03804d54       0x44 C:\Program Files (x86)\VEX Robotics\VEXcode\sdk/vexv5\libv5rt.a(vex_motor.cpp.obj)
                0x03804d54                vex::motor::rotation(vex::rotationUnits)
 .text.startup._GLOBAL__sub_I__ZN3vex5motorC2El
                0x03804d98       0x30 C:\Program Files (x86)\VEX Robotics\VEXcode\sdk/vexv5\libv5rt.a(vex_motor.cpp.obj)
 .text._ZN3vex6vision9installedEv
                0x03804dc8       0x18 C:\Program Files (x86)\VEX Robotics\VEXcode\sdk/vexv5\libv5rt.a(vex_vision.cpp.obj)
                0x03804dc8                vex::vision::installed()
 .text._ZN3vex6visionD2Ev
                0x03804de0       0x38 C:\Program Files (x86)\VEX Robotics\VEXcode\sdk/vexv5\libv5rt.a(vex_vision.cpp.obj)
                0x03804de0                vex::vision::~vision()
                0x03804de0                vex::vision::~vision()
 .text._ZN3vex6vision12setSignatureERNS0_9signatureE
                0x03804e18       0x70 C:\Program Files (x86)\VEX Robotics\VEXcode\sdk/vexv5\libv5rt.a(vex_vision.cpp.obj)
                0x03804e18                vex::vision::setSignature(vex::vision::signature&)
 .text._ZN3vex6vision7setModeENS0_13detectionModeE
                0x03804e88       0x18 C:\Program Files (x86)\VEX Robotics\VEXcode\sdk/vexv5\libv5rt.a(vex_vision.cpp.obj)
                0x03804e88                vex::vision::setMode(vex::vision::detectionMode)
 .text._ZN3vex6vision13setBrightnessEh
                0x03804ea0       0x30 C:\Program Files (x86)\VEX Robotics\VEXcode\sdk/vexv5\libv5rt.a(vex_vision.cpp.obj)
                0x03804ea0                vex::vision::setBrightness(unsigned char)
 .text._ZN3vex6vision10setLedModeENS0_7ledModeE
                0x03804ed0       0x18 C:\Program Files (x86)\VEX Robotics\VEXcode\sdk/vexv5\libv5rt.a(vex_vision.cpp.obj)
                0x03804ed0                vex::vision::setLedMode(vex::vision::ledMode)
 .text._ZN3vex6vision11setLedColorEhhh
                0x03804ee8       0x30 C:\Program Files (x86)\VEX Robotics\VEXcode\sdk/vexv5\libv5rt.a(vex_vision.cpp.obj)
                0x03804ee8                vex::vision::setLedColor(unsigned char, unsigned char, unsigned char)
 .text._ZN3vex6vision9signatureD2Ev
                0x03804f18        0x4 C:\Program Files (x86)\VEX Robotics\VEXcode\sdk/vexv5\libv5rt.a(vex_vision.cpp.obj)
                0x03804f18                vex::vision::signature::~signature()
                0x03804f18                vex::vision::signature::~signature()
 .text._ZN3vex6vision9signature5clearEv
                0x03804f1c       0x38 C:\Program Files (x86)\VEX Robotics\VEXcode\sdk/vexv5\libv5rt.a(vex_vision.cpp.obj)
                0x03804f1c                vex::vision::signature::clear()
 .text._ZN3vex6vision9signatureC2Ev
                0x03804f54       0x60 C:\Program Files (x86)\VEX Robotics\VEXcode\sdk/vexv5\libv5rt.a(vex_vision.cpp.obj)
                0x03804f54                vex::vision::signature::signature()
                0x03804f54                vex::vision::signature::signature()
 .text._ZN3vex6vision9signatureC2Elllllllfl
                0x03804fb4       0x5c C:\Program Files (x86)\VEX Robotics\VEXcode\sdk/vexv5\libv5rt.a(vex_vision.cpp.obj)
                0x03804fb4                vex::vision::signature::signature(long, long, long, long, long, long, long, float, long)
                0x03804fb4                vex::vision::signature::signature(long, long, long, long, long, long, long, float, long)
 .text._ZN3vex6vision6object3setE22_V5_DeviceVisionObject
                0x03805010       0x78 C:\Program Files (x86)\VEX Robotics\VEXcode\sdk/vexv5\libv5rt.a(vex_vision.cpp.obj)
                0x03805010                vex::vision::object::set(_V5_DeviceVisionObject)
 .text._ZN3vex6vision6object5clearEv
                0x03805088       0x38 C:\Program Files (x86)\VEX Robotics\VEXcode\sdk/vexv5\libv5rt.a(vex_vision.cpp.obj)
                0x03805088                vex::vision::object::clear()
 .text._ZN3vex6vision6objectC2Ev
                0x038050c0       0x58 C:\Program Files (x86)\VEX Robotics\VEXcode\sdk/vexv5\libv5rt.a(vex_vision.cpp.obj)
                0x038050c0                vex::vision::object::object()
                0x038050c0                vex::vision::object::object()
 .text._ZN3vex6vision13_clearObjectsEv
                0x03805118       0x40 C:\Program Files (x86)\VEX Robotics\VEXcode\sdk/vexv5\libv5rt.a(vex_vision.cpp.obj)
                0x03805118                vex::vision::_clearObjects()
 .text._ZN3vex6vision6objectaSERKS1_
                0x03805158       0x74 C:\Program Files (x86)\VEX Robotics\VEXcode\sdk/vexv5\libv5rt.a(vex_vision.cpp.obj)
                0x03805158                vex::vision::object::operator=(vex::vision::object const&)
 .text._ZN3vex6vision12takeSnapshotEmm
                0x038051cc       0xf4 C:\Program Files (x86)\VEX Robotics\VEXcode\sdk/vexv5\libv5rt.a(vex_vision.cpp.obj)
                0x038051cc                vex::vision::takeSnapshot(unsigned long, unsigned long)
 .text._ZN3vex6vision12takeSnapshotEm
                0x038052c0        0x8 C:\Program Files (x86)\VEX Robotics\VEXcode\sdk/vexv5\libv5rt.a(vex_vision.cpp.obj)
                0x038052c0                vex::vision::takeSnapshot(unsigned long)
 .text._ZN3vex6vision5valueEv
                0x038052c8        0x8 C:\Program Files (x86)\VEX Robotics\VEXcode\sdk/vexv5\libv5rt.a(vex_vision.cpp.obj)
                0x038052c8                vex::vision::value()
 .text._ZN3vex6vision6objectaSEl
                0x038052d0       0x38 C:\Program Files (x86)\VEX Robotics\VEXcode\sdk/vexv5\libv5rt.a(vex_vision.cpp.obj)
                0x038052d0                vex::vision::object::operator=(long)
 .text._ZN3vex6visionC2El
                0x03805308       0xa4 C:\Program Files (x86)\VEX Robotics\VEXcode\sdk/vexv5\libv5rt.a(vex_vision.cpp.obj)
                0x03805308                vex::vision::vision(long)
                0x03805308                vex::vision::vision(long)
 .text._ZN3vex10controllerD2Ev
                0x038053ac        0x4 C:\Program Files (x86)\VEX Robotics\VEXcode\sdk/vexv5\libv5rt.a(vex_controller.cpp.obj)
                0x038053ac                vex::controller::~controller()
                0x038053ac                vex::controller::~controller()
 .text._ZN3vex10controller5valueE19_V5_ControllerIndex
                0x038053b0        0x8 C:\Program Files (x86)\VEX Robotics\VEXcode\sdk/vexv5\libv5rt.a(vex_controller.cpp.obj)
                0x038053b0                vex::controller::value(_V5_ControllerIndex)
 .text._ZN3vex10controller6button8pressingEv
                0x038053b8       0xc8 C:\Program Files (x86)\VEX Robotics\VEXcode\sdk/vexv5\libv5rt.a(vex_controller.cpp.obj)
                0x038053b8                vex::controller::button::pressing()
 .text._ZN3vex10controller6button21_buttonToPressedEventEv
                0x03805480       0x20 C:\Program Files (x86)\VEX Robotics\VEXcode\sdk/vexv5\libv5rt.a(vex_controller.cpp.obj)
                0x03805480                vex::controller::button::_buttonToPressedEvent()
 .text._ZN3vex10controller6button22_buttonToReleasedEventEv
                0x038054a0       0x20 C:\Program Files (x86)\VEX Robotics\VEXcode\sdk/vexv5\libv5rt.a(vex_controller.cpp.obj)
                0x038054a0                vex::controller::button::_buttonToReleasedEvent()
 .text._ZN3vex10controller6buttonC2ENS0_11tButtonTypeEPS0_
                0x038054c0       0x48 C:\Program Files (x86)\VEX Robotics\VEXcode\sdk/vexv5\libv5rt.a(vex_controller.cpp.obj)
                0x038054c0                vex::controller::button::button(vex::controller::tButtonType, vex::controller*)
                0x038054c0                vex::controller::button::button(vex::controller::tButtonType, vex::controller*)
 .text._ZN3vex10controller4axis5valueEv
                0x03805508       0x58 C:\Program Files (x86)\VEX Robotics\VEXcode\sdk/vexv5\libv5rt.a(vex_controller.cpp.obj)
                0x03805508                vex::controller::axis::value()
 .text._ZN3vex10controller4axis8positionENS_12percentUnitsE
                0x03805560       0x1c C:\Program Files (x86)\VEX Robotics\VEXcode\sdk/vexv5\libv5rt.a(vex_controller.cpp.obj)
                0x03805560                vex::controller::axis::position(vex::percentUnits)
 .text._ZN3vex10controller4axis23_joystickToChangedEventEv
                0x0380557c       0x20 C:\Program Files (x86)\VEX Robotics\VEXcode\sdk/vexv5\libv5rt.a(vex_controller.cpp.obj)
                0x0380557c                vex::controller::axis::_joystickToChangedEvent()
 .text._ZN3vex10controller4axisC2ENS0_9tAxisTypeEPS0_
                0x0380559c       0x2c C:\Program Files (x86)\VEX Robotics\VEXcode\sdk/vexv5\libv5rt.a(vex_controller.cpp.obj)
                0x0380559c                vex::controller::axis::axis(vex::controller::tAxisType, vex::controller*)
                0x0380559c                vex::controller::axis::axis(vex::controller::tAxisType, vex::controller*)
 .text._ZN3vex10controllerC2Ev
                0x038055c8      0x204 C:\Program Files (x86)\VEX Robotics\VEXcode\sdk/vexv5\libv5rt.a(vex_controller.cpp.obj)
                0x038055c8                vex::controller::controller()
                0x038055c8                vex::controller::controller()
 .text._ZN3vex4taskC2EPFivE
                0x038057cc       0x54 C:\Program Files (x86)\VEX Robotics\VEXcode\sdk/vexv5\libv5rt.a(vex_task.cpp.obj)
                0x038057cc                vex::task::task(int (*)())
                0x038057cc                vex::task::task(int (*)())
 .text._ZN3vex4taskD2Ev
                0x03805820        0x4 C:\Program Files (x86)\VEX Robotics\VEXcode\sdk/vexv5\libv5rt.a(vex_task.cpp.obj)
                0x03805820                vex::task::~task()
                0x03805820                vex::task::~task()
 .text._ZN3vex4task4stopERKS0_
                0x03805824       0x10 C:\Program Files (x86)\VEX Robotics\VEXcode\sdk/vexv5\libv5rt.a(vex_task.cpp.obj)
                0x03805824                vex::task::stop(vex::task const&)
 .text._ZN3vex4task4stopEPFivE
                0x03805834        0xc C:\Program Files (x86)\VEX Robotics\VEXcode\sdk/vexv5\libv5rt.a(vex_task.cpp.obj)
                0x03805834                vex::task::stop(int (*)())
 .text._ZN3vex4task5sleepEm
                0x03805840        0x4 C:\Program Files (x86)\VEX Robotics\VEXcode\sdk/vexv5\libv5rt.a(vex_task.cpp.obj)
                0x03805840                vex::task::sleep(unsigned long)
 .text._ZN3vex4task6_indexEPFivE
                0x03805844       0x14 C:\Program Files (x86)\VEX Robotics\VEXcode\sdk/vexv5\libv5rt.a(vex_task.cpp.obj)
                0x03805844                vex::task::_index(int (*)())
 .text._ZN3vex4task8_stopAllEv
                0x03805858       0x3c C:\Program Files (x86)\VEX Robotics\VEXcode\sdk/vexv5\libv5rt.a(vex_task.cpp.obj)
                0x03805858                vex::task::_stopAll()
 .text._ZN3vex5event4initEmmPFvvE
                0x03805894        0x4 C:\Program Files (x86)\VEX Robotics\VEXcode\sdk/vexv5\libv5rt.a(vex_event.cpp.obj)
                0x03805894                vex::event::init(unsigned long, unsigned long, void (*)())
 .text._ZN3vex5event4initEmmPFvPvES1_
                0x03805898        0x4 C:\Program Files (x86)\VEX Robotics\VEXcode\sdk/vexv5\libv5rt.a(vex_event.cpp.obj)
                0x03805898                vex::event::init(unsigned long, unsigned long, void (*)(void*), void*)
 .text._ZN3vex5event9userindexEv
                0x0380589c        0x4 C:\Program Files (x86)\VEX Robotics\VEXcode\sdk/vexv5\libv5rt.a(vex_event.cpp.obj)
                0x0380589c                vex::event::userindex()
 .text._ZZN3vex6meventC4EmmENUlvE_4_FUNEv
                0x038058a0        0x4 C:\Program Files (x86)\VEX Robotics\VEXcode\sdk/vexv5\libv5rt.a(vex_mevent.cpp.obj)
 .text._ZN3vex6meventC2Emm
                0x038058a4       0x70 C:\Program Files (x86)\VEX Robotics\VEXcode\sdk/vexv5\libv5rt.a(vex_mevent.cpp.obj)
                0x038058a4                vex::mevent::mevent(unsigned long, unsigned long)
                0x038058a4                vex::mevent::mevent(unsigned long, unsigned long)
 .text._ZN3vex5brainD2Ev
                0x03805914       0x20 C:\Program Files (x86)\VEX Robotics\VEXcode\sdk/vexv5\libv5rt.a(vex_brain.cpp.obj)
                0x03805914                vex::brain::~brain()
                0x03805914                vex::brain::~brain()
 .text._ZN3vex5brain9_getIndexEv
                0x03805934       0x10 C:\Program Files (x86)\VEX Robotics\VEXcode\sdk/vexv5\libv5rt.a(vex_brain.cpp.obj)
                0x03805934                vex::brain::_getIndex()
 .text._ZN3vex5brain3lcd9setCursorEll
                0x03805944       0x44 C:\Program Files (x86)\VEX Robotics\VEXcode\sdk/vexv5\libv5rt.a(vex_brain.cpp.obj)
                0x03805944                vex::brain::lcd::setCursor(long, long)
 .text._ZN3vex5brain3lcd7setFontENS_8fontTypeE
                0x03805988      0x228 C:\Program Files (x86)\VEX Robotics\VEXcode\sdk/vexv5\libv5rt.a(vex_brain.cpp.obj)
                0x03805988                vex::brain::lcd::setFont(vex::fontType)
 .text._ZN3vex5brain3lcdC2Ev
                0x03805bb0       0x94 C:\Program Files (x86)\VEX Robotics\VEXcode\sdk/vexv5\libv5rt.a(vex_brain.cpp.obj)
                0x03805bb0                vex::brain::lcd::lcd()
                0x03805bb0                vex::brain::lcd::lcd()
 .text._ZN3vex5brainC2Ev
                0x03805c44       0x40 C:\Program Files (x86)\VEX Robotics\VEXcode\sdk/vexv5\libv5rt.a(vex_brain.cpp.obj)
                0x03805c44                vex::brain::brain()
                0x03805c44                vex::brain::brain()
 .text._ZN3vex5brain3lcd11setPenColorERKNS_5colorE
                0x03805c84       0x14 C:\Program Files (x86)\VEX Robotics\VEXcode\sdk/vexv5\libv5rt.a(vex_brain.cpp.obj)
                0x03805c84                vex::brain::lcd::setPenColor(vex::color const&)
 .text._ZN3vex5brain3lcd12setFillColorERKNS_5colorE
                0x03805c98       0x38 C:\Program Files (x86)\VEX Robotics\VEXcode\sdk/vexv5\libv5rt.a(vex_brain.cpp.obj)
                0x03805c98                vex::brain::lcd::setFillColor(vex::color const&)
 .text._ZN3vex5brain3lcd7printAtEllPKcz
                0x03805cd0       0x6c C:\Program Files (x86)\VEX Robotics\VEXcode\sdk/vexv5\libv5rt.a(vex_brain.cpp.obj)
                0x03805cd0                vex::brain::lcd::printAt(long, long, char const*, ...)
 .text._ZN3vex5brain3lcd13drawRectangleEiiii
                0x03805d3c       0xdc C:\Program Files (x86)\VEX Robotics\VEXcode\sdk/vexv5\libv5rt.a(vex_brain.cpp.obj)
                0x03805d3c                vex::brain::lcd::drawRectangle(int, int, int, int)
 .text._ZN3vex5brain3lcd14_drawRectangleEiiiim
                0x03805e18       0x74 C:\Program Files (x86)\VEX Robotics\VEXcode\sdk/vexv5\libv5rt.a(vex_brain.cpp.obj)
                0x03805e18                vex::brain::lcd::_drawRectangle(int, int, int, int, unsigned long)
 .text._ZN3vex5brain3lcd13drawRectangleEiiiiRKNS_5colorE
                0x03805e8c       0x68 C:\Program Files (x86)\VEX Robotics\VEXcode\sdk/vexv5\libv5rt.a(vex_brain.cpp.obj)
                0x03805e8c                vex::brain::lcd::drawRectangle(int, int, int, int, vex::color const&)
 .text._ZN3vex5brain3lcd9xPositionEv
                0x03805ef4       0x24 C:\Program Files (x86)\VEX Robotics\VEXcode\sdk/vexv5\libv5rt.a(vex_brain.cpp.obj)
                0x03805ef4                vex::brain::lcd::xPosition()
 .text._ZN3vex5brain3lcd9yPositionEv
                0x03805f18       0x24 C:\Program Files (x86)\VEX Robotics\VEXcode\sdk/vexv5\libv5rt.a(vex_brain.cpp.obj)
                0x03805f18                vex::brain::lcd::yPosition()
 .text._ZN3vex5brain3lcd7pressedEPFvvE
                0x03805f3c       0x1c C:\Program Files (x86)\VEX Robotics\VEXcode\sdk/vexv5\libv5rt.a(vex_brain.cpp.obj)
                0x03805f3c                vex::brain::lcd::pressed(void (*)())
 .text._ZN3vex5brain3lcd8releasedEPFvvE
                0x03805f58       0x1c C:\Program Files (x86)\VEX Robotics\VEXcode\sdk/vexv5\libv5rt.a(vex_brain.cpp.obj)
                0x03805f58                vex::brain::lcd::released(void (*)())
 .text._ZN3vex5brain3lcd20_validateImageBufferEPh
                0x03805f74       0x58 C:\Program Files (x86)\VEX Robotics\VEXcode\sdk/vexv5\libv5rt.a(vex_brain.cpp.obj)
                0x03805f74                vex::brain::lcd::_validateImageBuffer(unsigned char*)
 .text._ZN3vex5brain3lcd17drawImageFromFileEPKcii
                0x03805fcc      0x258 C:\Program Files (x86)\VEX Robotics\VEXcode\sdk/vexv5\libv5rt.a(vex_brain.cpp.obj)
                0x03805fcc                vex::brain::lcd::drawImageFromFile(char const*, int, int)
 .text._ZN3vex5brain6sdcardC2Ev
                0x03806224        0x4 C:\Program Files (x86)\VEX Robotics\VEXcode\sdk/vexv5\libv5rt.a(vex_brain.cpp.obj)
                0x03806224                vex::brain::sdcard::sdcard()
                0x03806224                vex::brain::sdcard::sdcard()
 .text._ZN3vex5brain6sdcardD2Ev
                0x03806228        0x4 C:\Program Files (x86)\VEX Robotics\VEXcode\sdk/vexv5\libv5rt.a(vex_brain.cpp.obj)
                0x03806228                vex::brain::sdcard::~sdcard()
                0x03806228                vex::brain::sdcard::~sdcard()
 .text._ZN3vex5brain6sdcard10isInsertedEv
                0x0380622c        0x8 C:\Program Files (x86)\VEX Robotics\VEXcode\sdk/vexv5\libv5rt.a(vex_brain.cpp.obj)
                0x0380622c                vex::brain::sdcard::isInserted()
 .text._ZN3vex11competition8_disableEPv
                0x03806234       0x9c C:\Program Files (x86)\VEX Robotics\VEXcode\sdk/vexv5\libv5rt.a(vex_competition.cpp.obj)
                0x03806234                vex::competition::_disable(void*)
 .text._ZN3vex11competition11_autonomousEv
                0x038062d0       0x7c C:\Program Files (x86)\VEX Robotics\VEXcode\sdk/vexv5\libv5rt.a(vex_competition.cpp.obj)
                0x038062d0                vex::competition::_autonomous()
 .text._ZN3vex11competition14_drivercontrolEv
                0x0380634c       0x7c C:\Program Files (x86)\VEX Robotics\VEXcode\sdk/vexv5\libv5rt.a(vex_competition.cpp.obj)
                0x0380634c                vex::competition::_drivercontrol()
 .text._ZN3vex11competitionC2Ev
                0x038063c8      0x13c C:\Program Files (x86)\VEX Robotics\VEXcode\sdk/vexv5\libv5rt.a(vex_competition.cpp.obj)
                0x038063c8                vex::competition::competition()
                0x038063c8                vex::competition::competition()
 .text._ZN3vex11competitionD2Ev
                0x03806504        0x4 C:\Program Files (x86)\VEX Robotics\VEXcode\sdk/vexv5\libv5rt.a(vex_competition.cpp.obj)
                0x03806504                vex::competition::~competition()
                0x03806504                vex::competition::~competition()
 .text._ZN3vex11competition10autonomousEPFvvE
                0x03806508       0x44 C:\Program Files (x86)\VEX Robotics\VEXcode\sdk/vexv5\libv5rt.a(vex_competition.cpp.obj)
                0x03806508                vex::competition::autonomous(void (*)())
 .text._ZN3vex11competition13drivercontrolEPFvvE
                0x0380654c       0x44 C:\Program Files (x86)\VEX Robotics\VEXcode\sdk/vexv5\libv5rt.a(vex_competition.cpp.obj)
                0x0380654c                vex::competition::drivercontrol(void (*)())
 .text._ZN3vex7triport9installedEv
                0x03806590       0x18 C:\Program Files (x86)\VEX Robotics\VEXcode\sdk/vexv5\libv5rt.a(vex_triport.cpp.obj)
                0x03806590                vex::triport::installed()
 .text._ZN3vex7triportD2Ev
                0x038065a8       0x38 C:\Program Files (x86)\VEX Robotics\VEXcode\sdk/vexv5\libv5rt.a(vex_triport.cpp.obj)
                0x038065a8                vex::triport::~triport()
                0x038065a8                vex::triport::~triport()
 .text._ZN3vex7triport4portC2ElPS0_
                0x038065e0       0x90 C:\Program Files (x86)\VEX Robotics\VEXcode\sdk/vexv5\libv5rt.a(vex_triport.cpp.obj)
                0x038065e0                vex::triport::port::port(long, vex::triport*)
                0x038065e0                vex::triport::port::port(long, vex::triport*)
 .text._ZN3vex7triportC2El
                0x03806670       0xf0 C:\Program Files (x86)\VEX Robotics\VEXcode\sdk/vexv5\libv5rt.a(vex_triport.cpp.obj)
                0x03806670                vex::triport::triport(long)
                0x03806670                vex::triport::triport(long)
 .text.startup._GLOBAL__sub_I__ZN3vex7triportC2El
                0x03806760       0x30 C:\Program Files (x86)\VEX Robotics\VEXcode\sdk/vexv5\libv5rt.a(vex_triport.cpp.obj)
 .text._ZN3vex5colorD2Ev
                0x03806790        0x4 C:\Program Files (x86)\VEX Robotics\VEXcode\sdk/vexv5\libv5rt.a(vex_color.cpp.obj)
                0x03806790                vex::color::~color()
                0x03806790                vex::color::~color()
 .text._ZN3vex5colorC2Ev
                0x03806794       0x10 C:\Program Files (x86)\VEX Robotics\VEXcode\sdk/vexv5\libv5rt.a(vex_color.cpp.obj)
                0x03806794                vex::color::color()
                0x03806794                vex::color::color()
 .text._ZN3vex5colorC2Ei
                0x038067a4       0x10 C:\Program Files (x86)\VEX Robotics\VEXcode\sdk/vexv5\libv5rt.a(vex_color.cpp.obj)
                0x038067a4                vex::color::color(int)
                0x038067a4                vex::color::color(int)
 .text._ZNK3vex5colorcvmEv
                0x038067b4        0x8 C:\Program Files (x86)\VEX Robotics\VEXcode\sdk/vexv5\libv5rt.a(vex_color.cpp.obj)
                0x038067b4                vex::color::operator unsigned long() const
 .text._ZNK3vex5color13isTransparentEv
                0x038067bc        0x8 C:\Program Files (x86)\VEX Robotics\VEXcode\sdk/vexv5\libv5rt.a(vex_color.cpp.obj)
                0x038067bc                vex::color::isTransparent() const
 .text.startup._GLOBAL__sub_I__ZN3vex5color5blackE
                0x038067c4      0x164 C:\Program Files (x86)\VEX Robotics\VEXcode\sdk/vexv5\libv5rt.a(vex_color.cpp.obj)
 .text._ZN3vex5timerD2Ev
                0x03806928        0x4 C:\Program Files (x86)\VEX Robotics\VEXcode\sdk/vexv5\libv5rt.a(vex_timer.cpp.obj)
                0x03806928                vex::timer::~timer()
                0x03806928                vex::timer::~timer()
 .text._ZN3vex5timer5clearEv
                0x0380692c       0x1c C:\Program Files (x86)\VEX Robotics\VEXcode\sdk/vexv5\libv5rt.a(vex_timer.cpp.obj)
                0x0380692c                vex::timer::clear()
 .text._ZN3vex5timerC2Ev
                0x03806948       0x14 C:\Program Files (x86)\VEX Robotics\VEXcode\sdk/vexv5\libv5rt.a(vex_timer.cpp.obj)
                0x03806948                vex::timer::timer()
                0x03806948                vex::timer::timer()
 .text._ZN3vex5timer6systemEv
                0x0380695c        0x4 C:\Program Files (x86)\VEX Robotics\VEXcode\sdk/vexv5\libv5rt.a(vex_timer.cpp.obj)
                0x0380695c                vex::timer::system()
 .text.vexAdiPortConfigSet
                0x03806960       0x28 C:\Program Files (x86)\VEX Robotics\VEXcode\sdk/vexv5\libv5rt.a(v5_apiuser.c.obj)
                0x03806960                vexAdiPortConfigSet
 .text.vexMotorVelocitySet
                0x03806988       0x20 C:\Program Files (x86)\VEX Robotics\VEXcode\sdk/vexv5\libv5rt.a(v5_apiuser.c.obj)
                0x03806988                vexMotorVelocitySet
 .text.vexMotorActualVelocityGet
                0x038069a8       0x24 C:\Program Files (x86)\VEX Robotics\VEXcode\sdk/vexv5\libv5rt.a(v5_apiuser.c.obj)
                0x038069a8                vexMotorActualVelocityGet
 .text.vexMotorZeroPositionFlagGet
                0x038069cc       0x18 C:\Program Files (x86)\VEX Robotics\VEXcode\sdk/vexv5\libv5rt.a(v5_apiuser.c.obj)
                0x038069cc                vexMotorZeroPositionFlagGet
 .text.vexMotorReverseFlagSet
                0x038069e4       0x20 C:\Program Files (x86)\VEX Robotics\VEXcode\sdk/vexv5\libv5rt.a(v5_apiuser.c.obj)
                0x038069e4                vexMotorReverseFlagSet
 .text.vexMotorEncoderUnitsSet
                0x03806a04       0x20 C:\Program Files (x86)\VEX Robotics\VEXcode\sdk/vexv5\libv5rt.a(v5_apiuser.c.obj)
                0x03806a04                vexMotorEncoderUnitsSet
 .text.vexMotorBrakeModeSet
                0x03806a24       0x20 C:\Program Files (x86)\VEX Robotics\VEXcode\sdk/vexv5\libv5rt.a(v5_apiuser.c.obj)
                0x03806a24                vexMotorBrakeModeSet
 .text.vexMotorPositionSet
                0x03806a44       0x28 C:\Program Files (x86)\VEX Robotics\VEXcode\sdk/vexv5\libv5rt.a(v5_apiuser.c.obj)
                0x03806a44                vexMotorPositionSet
 .text.vexMotorPositionGet
                0x03806a6c       0x24 C:\Program Files (x86)\VEX Robotics\VEXcode\sdk/vexv5\libv5rt.a(v5_apiuser.c.obj)
                0x03806a6c                vexMotorPositionGet
 .text.vexMotorAbsoluteTargetSet
                0x03806a90       0x30 C:\Program Files (x86)\VEX Robotics\VEXcode\sdk/vexv5\libv5rt.a(v5_apiuser.c.obj)
                0x03806a90                vexMotorAbsoluteTargetSet
 .text.vexMotorRelativeTargetSet
                0x03806ac0       0x30 C:\Program Files (x86)\VEX Robotics\VEXcode\sdk/vexv5\libv5rt.a(v5_apiuser.c.obj)
                0x03806ac0                vexMotorRelativeTargetSet
 .text.vexMotorGearingSet
                0x03806af0       0x20 C:\Program Files (x86)\VEX Robotics\VEXcode\sdk/vexv5\libv5rt.a(v5_apiuser.c.obj)
                0x03806af0                vexMotorGearingSet
 .text.vexMotorGearingGet
                0x03806b10       0x18 C:\Program Files (x86)\VEX Robotics\VEXcode\sdk/vexv5\libv5rt.a(v5_apiuser.c.obj)
                0x03806b10                vexMotorGearingGet
 .text.vexVisionModeSet
                0x03806b28       0x20 C:\Program Files (x86)\VEX Robotics\VEXcode\sdk/vexv5\libv5rt.a(v5_apiuser.c.obj)
                0x03806b28                vexVisionModeSet
 .text.vexVisionObjectCountGet
                0x03806b48       0x18 C:\Program Files (x86)\VEX Robotics\VEXcode\sdk/vexv5\libv5rt.a(v5_apiuser.c.obj)
                0x03806b48                vexVisionObjectCountGet
 .text.vexVisionObjectGet
                0x03806b60       0x28 C:\Program Files (x86)\VEX Robotics\VEXcode\sdk/vexv5\libv5rt.a(v5_apiuser.c.obj)
                0x03806b60                vexVisionObjectGet
 .text.vexVisionSignatureSet
                0x03806b88       0x20 C:\Program Files (x86)\VEX Robotics\VEXcode\sdk/vexv5\libv5rt.a(v5_apiuser.c.obj)
                0x03806b88                vexVisionSignatureSet
 .text.vexVisionBrightnessSet
                0x03806ba8       0x20 C:\Program Files (x86)\VEX Robotics\VEXcode\sdk/vexv5\libv5rt.a(v5_apiuser.c.obj)
                0x03806ba8                vexVisionBrightnessSet
 .text.vexVisionLedModeSet
                0x03806bc8       0x20 C:\Program Files (x86)\VEX Robotics\VEXcode\sdk/vexv5\libv5rt.a(v5_apiuser.c.obj)
                0x03806bc8                vexVisionLedModeSet
 .text.vexVisionLedColorSet
                0x03806be8       0x2c C:\Program Files (x86)\VEX Robotics\VEXcode\sdk/vexv5\libv5rt.a(v5_apiuser.c.obj)
                0x03806be8                vexVisionLedColorSet
 .text.vexEventMaskSet
                0x03806c14       0x28 C:\Program Files (x86)\VEX Robotics\VEXcode\sdk/vexv5\libv5rt.a(v5_apiuser.c.obj)
                0x03806c14                vexEventMaskSet
 .text.vexEventMaskGet
                0x03806c3c       0x18 C:\Program Files (x86)\VEX Robotics\VEXcode\sdk/vexv5\libv5rt.a(v5_apiuser.c.obj)
                0x03806c3c                vexEventMaskGet
 .text._ZN3vex6device5valueEv
                0x03806c54        0x8 C:\Program Files (x86)\VEX Robotics\VEXcode\sdk/vexv5\libv5rt.a(vex_device.cpp.obj)
                0x03806c54                vex::device::value()
 .text._ZN3vex6deviceD2Ev
                0x03806c5c        0x4 C:\Program Files (x86)\VEX Robotics\VEXcode\sdk/vexv5\libv5rt.a(vex_device.cpp.obj)
                0x03806c5c                vex::device::~device()
                0x03806c5c                vex::device::~device()
 .text._ZN3vex6device4initEl
                0x03806c60       0x30 C:\Program Files (x86)\VEX Robotics\VEXcode\sdk/vexv5\libv5rt.a(vex_device.cpp.obj)
                0x03806c60                vex::device::init(long)
 .text._ZN3vex6deviceC2El
                0x03806c90       0x20 C:\Program Files (x86)\VEX Robotics\VEXcode\sdk/vexv5\libv5rt.a(vex_device.cpp.obj)
                0x03806c90                vex::device::device(long)
                0x03806c90                vex::device::device(long)
 .text._ZN3vex6device4typeEv
                0x03806cb0       0x10 C:\Program Files (x86)\VEX Robotics\VEXcode\sdk/vexv5\libv5rt.a(vex_device.cpp.obj)
                0x03806cb0                vex::device::type()
 .text._ZN3vex6device9installedEv
                0x03806cc0       0x14 C:\Program Files (x86)\VEX Robotics\VEXcode\sdk/vexv5\libv5rt.a(vex_device.cpp.obj)
                0x03806cc0                vex::device::installed()
 .text.__aeabi_memcpy
                0x03806cd4        0x4 C:\Program Files (x86)\VEX Robotics\VEXcode\sdk/vexv5/gcc/libs\libc.a(lib_a-aeabi_memcpy.o)
                0x03806cd4                __aeabi_memcpy
                0x03806cd4                __aeabi_memcpy8
                0x03806cd4                __aeabi_memcpy4
 .text.__libc_fini_array
                0x03806cd8       0x30 C:\Program Files (x86)\VEX Robotics\VEXcode\sdk/vexv5/gcc/libs\libc.a(lib_a-fini.o)
                0x03806cd8                __libc_fini_array
 .text.__libc_init_array
                0x03806d08       0x58 C:\Program Files (x86)\VEX Robotics\VEXcode\sdk/vexv5/gcc/libs\libc.a(lib_a-init.o)
                0x03806d08                __libc_init_array
 .text.memcpy   0x03806d60       0xa8 C:\Program Files (x86)\VEX Robotics\VEXcode\sdk/vexv5/gcc/libs\libc.a(lib_a-memcpy.o)
                0x03806d60                memcpy
 .text.tolower  0x03806e08       0x1c C:\Program Files (x86)\VEX Robotics\VEXcode\sdk/vexv5/gcc/libs\libc.a(lib_a-tolower.o)
                0x03806e08                tolower
 *fill*         0x03806e24        0x4 
 .text.tolower.__stub
                0x03806e28       0x10 linker stubs
 *(.gnu.linkonce.t.*)
 *(.plt)
 *(.gnu_warning)
 *(.gcc_except_table)
 *(.glue_7)
 .glue_7        0x00000000        0x0 linker stubs
 *(.glue_7t)
 .glue_7t       0x00000000        0x0 linker stubs
 *(.vfp11_veneer)
 .vfp11_veneer  0x00000000        0x0 linker stubs
 *(.ARM.extab)
 *(.gnu.linkonce.armextab.*)

.v4_bx          0x03806e38        0x0
 .v4_bx         0x00000000        0x0 linker stubs

.iplt           0x03806e38        0x0
 .iplt          0x00000000        0x0 build/src/main.o

.init
 *(.init)

.fini
 *(.fini)

.rodata         0x03806e38      0x36d
                0x03806e38                __rodata_start = .
 *(.rodata)
 *(.rodata.*)
 .rodata.str1.1
                0x03806e38      0x180 build/src/main.o
 .rodata._ZTV21velocityRecordedMotor
                0x03806fb8       0x10 build/src/main.o
                0x03806fb8                vtable for velocityRecordedMotor
 .rodata.str1.1
                0x03806fc8       0x2e C:\Program Files (x86)\VEX Robotics\VEXcode\sdk/vexv5\libv5rt.a(v5_startup.c.obj)
 *fill*         0x03806ff6        0x2 
 .rodata._ZN3vex6PORT22E
                0x03806ff8        0x4 C:\Program Files (x86)\VEX Robotics\VEXcode\sdk/vexv5\libv5rt.a(vex_global.cpp.obj)
                0x03806ff8                vex::PORT22
 .rodata._ZN3vex6PORT11E
                0x03806ffc        0x4 C:\Program Files (x86)\VEX Robotics\VEXcode\sdk/vexv5\libv5rt.a(vex_global.cpp.obj)
                0x03806ffc                vex::PORT11
 .rodata._ZN3vex6PORT12E
                0x03807000        0x4 C:\Program Files (x86)\VEX Robotics\VEXcode\sdk/vexv5\libv5rt.a(vex_global.cpp.obj)
                0x03807000                vex::PORT12
 .rodata._ZN3vex5PORT4E
                0x03807004        0x4 C:\Program Files (x86)\VEX Robotics\VEXcode\sdk/vexv5\libv5rt.a(vex_global.cpp.obj)
                0x03807004                vex::PORT4
 .rodata._ZN3vex5PORT5E
                0x03807008        0x4 C:\Program Files (x86)\VEX Robotics\VEXcode\sdk/vexv5\libv5rt.a(vex_global.cpp.obj)
                0x03807008                vex::PORT5
 .rodata._ZN3vex5PORT1E
                0x0380700c        0x4 C:\Program Files (x86)\VEX Robotics\VEXcode\sdk/vexv5\libv5rt.a(vex_global.cpp.obj)
                0x0380700c                vex::PORT1
 .rodata._ZN3vex5PORT8E
                0x03807010        0x4 C:\Program Files (x86)\VEX Robotics\VEXcode\sdk/vexv5\libv5rt.a(vex_global.cpp.obj)
                0x03807010                vex::PORT8
 .rodata._ZN3vex6PORT19E
                0x03807014        0x4 C:\Program Files (x86)\VEX Robotics\VEXcode\sdk/vexv5\libv5rt.a(vex_global.cpp.obj)
                0x03807014                vex::PORT19
 .rodata._ZN3vex5PORT3E
                0x03807018        0x4 C:\Program Files (x86)\VEX Robotics\VEXcode\sdk/vexv5\libv5rt.a(vex_global.cpp.obj)
                0x03807018                vex::PORT3
 .rodata._ZN3vex6PORT20E
                0x0380701c        0x4 C:\Program Files (x86)\VEX Robotics\VEXcode\sdk/vexv5\libv5rt.a(vex_global.cpp.obj)
                0x0380701c                vex::PORT20
 .rodata._ZTVN3vex5motorE
                0x03807020       0x10 C:\Program Files (x86)\VEX Robotics\VEXcode\sdk/vexv5\libv5rt.a(vex_motor.cpp.obj)
                0x03807020                vtable for vex::motor
 .rodata._ZTVN3vex6visionE
                0x03807030       0x10 C:\Program Files (x86)\VEX Robotics\VEXcode\sdk/vexv5\libv5rt.a(vex_vision.cpp.obj)
                0x03807030                vtable for vex::vision
 .rodata.CSWTCH.15
                0x03807040        0xb C:\Program Files (x86)\VEX Robotics\VEXcode\sdk/vexv5\libv5rt.a(vex_controller.cpp.obj)
 .rodata.CSWTCH.17
                0x0380704b        0xb C:\Program Files (x86)\VEX Robotics\VEXcode\sdk/vexv5\libv5rt.a(vex_controller.cpp.obj)
 .rodata.CSWTCH.23
                0x03807056        0x3 C:\Program Files (x86)\VEX Robotics\VEXcode\sdk/vexv5\libv5rt.a(vex_controller.cpp.obj)
 .rodata.str1.1
                0x03807059        0xa C:\Program Files (x86)\VEX Robotics\VEXcode\sdk/vexv5\libv5rt.a(vex_task.cpp.obj)
 .rodata.str1.1
                0x03807063       0x1a C:\Program Files (x86)\VEX Robotics\VEXcode\sdk/vexv5\libv5rt.a(vex_brain.cpp.obj)
 *fill*         0x0380707d        0x3 
 .rodata._ZTVN3vex7triportE
                0x03807080       0x10 C:\Program Files (x86)\VEX Robotics\VEXcode\sdk/vexv5\libv5rt.a(vex_triport.cpp.obj)
                0x03807080                vtable for vex::triport
 .rodata._ZTVN3vex6deviceE
                0x03807090       0x10 C:\Program Files (x86)\VEX Robotics\VEXcode\sdk/vexv5\libv5rt.a(vex_device.cpp.obj)
                0x03807090                vtable for vex::device
 .rodata.str1.4
                0x038070a0        0x4 C:\Program Files (x86)\VEX Robotics\VEXcode\sdk/vexv5/gcc/libs\libc.a(lib_a-impure.o)
                                  0x2 (size before relaxing)
 .rodata._ctype_
                0x038070a4      0x101 C:\Program Files (x86)\VEX Robotics\VEXcode\sdk/vexv5/gcc/libs\libc.a(lib_a-ctype_.o)
                0x038070a4                _ctype_
 *(.gnu.linkonce.r.*)
                0x038071a5                __rodata_end = .

.rodata1        0x038071a5        0x0
                0x038071a5                __rodata1_start = .
 *(.rodata1)
 *(.rodata1.*)
                0x038071a5                __rodata1_end = .

.sdata2         0x038071a5        0x0
                0x038071a5                __sdata2_start = .
 *(.sdata2)
 *(.sdata2.*)
 *(.gnu.linkonce.s2.*)
                0x038071a5                __sdata2_end = .

.sbss2          0x038071a5        0x0
                0x038071a5                __sbss2_start = .
 *(.sbss2)
 *(.sbss2.*)
 *(.gnu.linkonce.sb2.*)
                0x038071a5                __sbss2_end = .

.data           0x038071a8      0x450
                0x038071a8                __data_start = .
 *(.data)
 *(.data.*)
 .data.intakeSpeedPCT
                0x038071a8        0x4 build/src/main.o
                0x038071a8                intakeSpeedPCT
 .data.intakeHalfSpeedPCT
                0x038071ac        0x4 build/src/main.o
                0x038071ac                intakeHalfSpeedPCT
 .data.autonomousSelection
                0x038071b0        0x4 build/src/main.o
                0x038071b0                autonomousSelection
 .data.appRunning
                0x038071b4        0x4 C:\Program Files (x86)\VEX Robotics\VEXcode\sdk/vexv5\libv5rt.a(v5_startup.c.obj)
                0x038071b4                appRunning
 .data.__yoff   0x038071b8        0x4 C:\Program Files (x86)\VEX Robotics\VEXcode\sdk/vexv5\libv5rt.a(v5_apijump.c.obj)
 .data._ZN3vex3revE
                0x038071bc        0x4 C:\Program Files (x86)\VEX Robotics\VEXcode\sdk/vexv5\libv5rt.a(vex_global.cpp.obj)
                0x038071bc                vex::rev
 .data._ZN3vex4holdE
                0x038071c0        0x4 C:\Program Files (x86)\VEX Robotics\VEXcode\sdk/vexv5\libv5rt.a(vex_global.cpp.obj)
                0x038071c0                vex::hold
 *fill*         0x038071c4        0x4 
 .data.impure_data
                0x038071c8      0x428 C:\Program Files (x86)\VEX Robotics\VEXcode\sdk/vexv5/gcc/libs\libc.a(lib_a-impure.o)
 .data._impure_ptr
                0x038075f0        0x4 C:\Program Files (x86)\VEX Robotics\VEXcode\sdk/vexv5/gcc/libs\libc.a(lib_a-impure.o)
                0x038075f0                _impure_ptr
 .data.__ctype_ptr__
                0x038075f4        0x4 C:\Program Files (x86)\VEX Robotics\VEXcode\sdk/vexv5/gcc/libs\libc.a(lib_a-ctype_.o)
                0x038075f4                __ctype_ptr__
 *(.gnu.linkonce.d.*)
 *(.jcr)
 *(.got)
 *(.got.plt)
                0x038075f8                __data_end = .

.igot.plt       0x038075f8        0x0
 .igot.plt      0x00000000        0x0 build/src/main.o

.data1          0x038075f8        0x0
                0x038075f8                __data1_start = .
 *(.data1)
 *(.data1.*)
                0x038075f8                __data1_end = .

.got
 *(.got)

.ctors          0x038075f8        0x0
                0x038075f8                __CTOR_LIST__ = .
                0x038075f8                ___CTORS_LIST___ = .
 *crtbegin.o(.ctors)
 *(EXCLUDE_FILE(*crtend.o) .ctors)
 *(SORT(.ctors.*))
 *(.ctors)
                0x038075f8                __CTOR_END__ = .
                0x038075f8                ___CTORS_END___ = .

.dtors          0x038075f8        0x0
                0x038075f8                __DTOR_LIST__ = .
                0x038075f8                ___DTORS_LIST___ = .
 *crtbegin.o(.dtors)
 *(EXCLUDE_FILE(*crtend.o) .dtors)
 *(SORT(.dtors.*))
 *(.dtors)
                0x038075f8                __DTOR_END__ = .
                0x038075f8                ___DTORS_END___ = .

.fixup          0x038075f8        0x0
                0x038075f8                __fixup_start = .
 *(.fixup)
                0x038075f8                __fixup_end = .

.eh_frame
 *(.eh_frame)

.eh_framehdr    0x038075f8        0x0
                0x038075f8                __eh_framehdr_start = .
 *(.eh_framehdr)
                0x038075f8                __eh_framehdr_end = .

.gcc_except_table
 *(.gcc_except_table)

.mmu_tbl        0x03808000        0x0
                0x03808000                __mmu_tbl_start = .
 *(.mmu_tbl)
                0x03808000                __mmu_tbl_end = .

.ARM.exidx      0x038075f8        0x8
                0x038075f8                __exidx_start = .
 *(.ARM.exidx*)
 .ARM.exidx.text._ZN3vex6visionC2IJNS0_9signatureES2_S2_S2_S2_S2_S2_EEElhDpT_
                0x038075f8        0x8 build/src/main.o
 .ARM.exidx.text._ZN21velocityRecordedMotorD2Ev
                0x03807600        0x0 build/src/main.o
                                  0x8 (size before relaxing)
 .ARM.exidx.text.__cxx_global_array_dtor
                0x03807600        0x0 build/src/main.o
                                  0x8 (size before relaxing)
 .ARM.exidx.text._Z11rainbowlogov
                0x03807600        0x0 build/src/main.o
                                  0x8 (size before relaxing)
 .ARM.exidx.text._Z11moveForwarddd
                0x03807600        0x0 build/src/main.o
                                  0x8 (size before relaxing)
 .ARM.exidx.text._Z12moveBackwarddd
                0x03807600        0x0 build/src/main.o
                                  0x8 (size before relaxing)
 .ARM.exidx.text._Z8turnLeftdi
                0x03807600        0x0 build/src/main.o
                                  0x8 (size before relaxing)
 .ARM.exidx.text._Z9turnRightdi
                0x03807600        0x0 build/src/main.o
                                  0x8 (size before relaxing)
 .ARM.exidx.text._Z17moveForwardSimplefi
                0x03807600        0x0 build/src/main.o
                                  0x8 (size before relaxing)
 .ARM.exidx.text._Z8myIntakev
                0x03807600        0x0 build/src/main.o
                                  0x8 (size before relaxing)
 .ARM.exidx.text._Z12myStopIntakev
                0x03807600        0x0 build/src/main.o
                                  0x8 (size before relaxing)
 .ARM.exidx.text._Z9myIntake1v
                0x03807600        0x0 build/src/main.o
                                  0x8 (size before relaxing)
 .ARM.exidx.text._Z13myStopIntake1v
                0x03807600        0x0 build/src/main.o
                                  0x8 (size before relaxing)
 .ARM.exidx.text._Z9myIntake2v
                0x03807600        0x0 build/src/main.o
                                  0x8 (size before relaxing)
 .ARM.exidx.text._Z9myIntake3v
                0x03807600        0x0 build/src/main.o
                                  0x8 (size before relaxing)
 .ARM.exidx.text._Z9myIntake4v
                0x03807600        0x0 build/src/main.o
                                  0x8 (size before relaxing)
 .ARM.exidx.text._Z7moveArmv
                0x03807600        0x0 build/src/main.o
                                  0x8 (size before relaxing)
 .ARM.exidx.text._Z11moveArmDownv
                0x03807600        0x0 build/src/main.o
                                  0x8 (size before relaxing)
 .ARM.exidx.text._Z11moveArmHighv
                0x03807600        0x0 build/src/main.o
                                  0x8 (size before relaxing)
 .ARM.exidx.text._Z15moveArmDownHighv
                0x03807600        0x0 build/src/main.o
                                  0x8 (size before relaxing)
 .ARM.exidx.text.__cxx_global_array_dtor.53
                0x03807600        0x0 build/src/main.o
                                  0x8 (size before relaxing)
 .ARM.exidx.text._Z10findButtonss
                0x03807600        0x0 build/src/main.o
                                  0x8 (size before relaxing)
 .ARM.exidx.text._Z24userTouchCallbackPressedv
                0x03807600        0x0 build/src/main.o
                                  0x8 (size before relaxing)
 .ARM.exidx.text._Z21displayButtonControlsib
                0x03807600        0x0 build/src/main.o
                                  0x8 (size before relaxing)
 .ARM.exidx.text._Z25userTouchCallbackReleasedv
                0x03807600        0x0 build/src/main.o
                                  0x8 (size before relaxing)
 .ARM.exidx.text._Z8preAutonv
                0x03807600        0x0 build/src/main.o
                                  0x8 (size before relaxing)
 .ARM.exidx.text._Z5autonv
                0x03807600        0x0 build/src/main.o
                                  0x8 (size before relaxing)
 .ARM.exidx.text._Z6togglev
                0x03807600        0x0 build/src/main.o
                                  0x8 (size before relaxing)
 .ARM.exidx.text._Z9toggleMidv
                0x03807600        0x0 build/src/main.o
                                  0x8 (size before relaxing)
 .ARM.exidx.text._Z13driverControlv
                0x03807600        0x0 build/src/main.o
                                  0x8 (size before relaxing)
 .ARM.exidx.text._Z9pre_autonv
                0x03807600        0x0 build/src/main.o
                                  0x8 (size before relaxing)
 .ARM.exidx.text._Z10autonomousv
                0x03807600        0x0 build/src/main.o
                                  0x8 (size before relaxing)
 .ARM.exidx.text._Z11usercontrolv
                0x03807600        0x0 build/src/main.o
                                  0x8 (size before relaxing)
 .ARM.exidx.text.main
                0x03807600        0x0 build/src/main.o
                                  0x8 (size before relaxing)
 .ARM.exidx.text._ZN3vex6vision7_setsigINS0_9signatureEJS2_S2_S2_S2_S2_S2_EEEvRT_DpT0_
                0x03807600        0x0 build/src/main.o
                                  0x8 (size before relaxing)
 .ARM.exidx.text._ZN3vex6vision7_setsigINS0_9signatureEJS2_S2_S2_S2_S2_EEEvRT_DpT0_
                0x03807600        0x0 build/src/main.o
                                  0x8 (size before relaxing)
 .ARM.exidx.text._ZN3vex6vision7_setsigINS0_9signatureEJS2_S2_S2_S2_EEEvRT_DpT0_
                0x03807600        0x0 build/src/main.o
                                  0x8 (size before relaxing)
 .ARM.exidx.text._ZN3vex6vision7_setsigINS0_9signatureEJS2_S2_S2_EEEvRT_DpT0_
                0x03807600        0x0 build/src/main.o
                                  0x8 (size before relaxing)
 .ARM.exidx.text._ZN3vex6vision7_setsigINS0_9signatureEJS2_S2_EEEvRT_DpT0_
                0x03807600        0x0 build/src/main.o
                                  0x8 (size before relaxing)
 .ARM.exidx.text._GLOBAL__sub_I_main.cpp
                0x03807600        0x0 build/src/main.o
                                  0x8 (size before relaxing)
 *(.gnu.linkonce.armexidix.*.*)
                0x03807600                __exidx_end = .

.rel.dyn        0x03807600        0x0
 .rel.iplt      0x00000000        0x0 build/src/main.o

.preinit_array  0x03807600        0x0
                0x03807600                __preinit_array_start = .
 *(SORT(.preinit_array.*))
 *(.preinit_array)
                0x03807600                __preinit_array_end = .

.init_array     0x03807600       0x10
                0x03807600                __init_array_start = .
 *(SORT(.init_array.*))
 *(.init_array)
 .init_array    0x03807600        0x4 build/src/main.o
 .init_array    0x03807604        0x4 C:\Program Files (x86)\VEX Robotics\VEXcode\sdk/vexv5\libv5rt.a(vex_motor.cpp.obj)
 .init_array    0x03807608        0x4 C:\Program Files (x86)\VEX Robotics\VEXcode\sdk/vexv5\libv5rt.a(vex_triport.cpp.obj)
 .init_array    0x0380760c        0x4 C:\Program Files (x86)\VEX Robotics\VEXcode\sdk/vexv5\libv5rt.a(vex_color.cpp.obj)
                0x03807610                __init_array_end = .

.fini_array     0x03807610        0x0
                0x03807610                __fini_array_start = .
 *(SORT(.fini_array.*))
 *(.fini_array)
                0x03807610                __fini_array_end = .

.ARM.attributes
                0x03807610       0x3c
                0x03807610                __ARM.attributes_start = .
 *(.ARM.attributes)
 .ARM.attributes
                0x03807610       0x3a build/src/main.o
 .ARM.attributes
                0x0380764a       0x35 C:\Program Files (x86)\VEX Robotics\VEXcode\sdk/vexv5\libv5rt.a(v5_startup.c.obj)
 .ARM.attributes
                0x0380767f       0x35 C:\Program Files (x86)\VEX Robotics\VEXcode\sdk/vexv5\libv5rt.a(v5_util.c.obj)
 .ARM.attributes
                0x038076b4       0x35 C:\Program Files (x86)\VEX Robotics\VEXcode\sdk/vexv5\libv5rt.a(v5_apijump.c.obj)
 .ARM.attributes
                0x038076e9       0x35 C:\Program Files (x86)\VEX Robotics\VEXcode\sdk/vexv5\libv5rt.a(v5_apiversions.c.obj)
 .ARM.attributes
                0x0380771e       0x35 C:\Program Files (x86)\VEX Robotics\VEXcode\sdk/vexv5\libv5rt.a(vex_global.cpp.obj)
 .ARM.attributes
                0x03807753       0x35 C:\Program Files (x86)\VEX Robotics\VEXcode\sdk/vexv5\libv5rt.a(vex_motor.cpp.obj)
 .ARM.attributes
                0x03807788       0x35 C:\Program Files (x86)\VEX Robotics\VEXcode\sdk/vexv5\libv5rt.a(vex_vision.cpp.obj)
 .ARM.attributes
                0x038077bd       0x35 C:\Program Files (x86)\VEX Robotics\VEXcode\sdk/vexv5\libv5rt.a(vex_controller.cpp.obj)
 .ARM.attributes
                0x038077f2       0x35 C:\Program Files (x86)\VEX Robotics\VEXcode\sdk/vexv5\libv5rt.a(vex_task.cpp.obj)
 .ARM.attributes
                0x03807827       0x35 C:\Program Files (x86)\VEX Robotics\VEXcode\sdk/vexv5\libv5rt.a(vex_event.cpp.obj)
 .ARM.attributes
                0x0380785c       0x35 C:\Program Files (x86)\VEX Robotics\VEXcode\sdk/vexv5\libv5rt.a(vex_mevent.cpp.obj)
 .ARM.attributes
                0x03807891       0x35 C:\Program Files (x86)\VEX Robotics\VEXcode\sdk/vexv5\libv5rt.a(vex_brain.cpp.obj)
 .ARM.attributes
                0x038078c6       0x35 C:\Program Files (x86)\VEX Robotics\VEXcode\sdk/vexv5\libv5rt.a(vex_competition.cpp.obj)
 .ARM.attributes
                0x038078fb       0x35 C:\Program Files (x86)\VEX Robotics\VEXcode\sdk/vexv5\libv5rt.a(vex_triport.cpp.obj)
 .ARM.attributes
                0x03807930       0x35 C:\Program Files (x86)\VEX Robotics\VEXcode\sdk/vexv5\libv5rt.a(vex_color.cpp.obj)
 .ARM.attributes
                0x03807965       0x35 C:\Program Files (x86)\VEX Robotics\VEXcode\sdk/vexv5\libv5rt.a(vex_timer.cpp.obj)
 .ARM.attributes
                0x0380799a       0x35 C:\Program Files (x86)\VEX Robotics\VEXcode\sdk/vexv5\libv5rt.a(v5_apiuser.c.obj)
 .ARM.attributes
                0x038079cf       0x35 C:\Program Files (x86)\VEX Robotics\VEXcode\sdk/vexv5\libv5rt.a(vex_device.cpp.obj)
 .ARM.attributes
                0x03807a04       0x2b C:\Program Files (x86)\VEX Robotics\VEXcode\sdk/vexv5/gcc/libs\libc.a(lib_a-aeabi_memcpy.o)
 .ARM.attributes
                0x03807a2f       0x2b C:\Program Files (x86)\VEX Robotics\VEXcode\sdk/vexv5/gcc/libs\libc.a(lib_a-fini.o)
 .ARM.attributes
                0x03807a5a       0x2b C:\Program Files (x86)\VEX Robotics\VEXcode\sdk/vexv5/gcc/libs\libc.a(lib_a-impure.o)
 .ARM.attributes
                0x03807a85       0x2b C:\Program Files (x86)\VEX Robotics\VEXcode\sdk/vexv5/gcc/libs\libc.a(lib_a-init.o)
 .ARM.attributes
                0x03807ab0       0x2b C:\Program Files (x86)\VEX Robotics\VEXcode\sdk/vexv5/gcc/libs\libc.a(lib_a-memcpy.o)
 .ARM.attributes
                0x03807adb       0x2b C:\Program Files (x86)\VEX Robotics\VEXcode\sdk/vexv5/gcc/libs\libc.a(lib_a-tolower.o)
 .ARM.attributes
                0x03807b06       0x2b C:\Program Files (x86)\VEX Robotics\VEXcode\sdk/vexv5/gcc/libs\libc.a(lib_a-ctype_.o)
                0x03807b31                __ARM.attributes_end = .

.sdata          0x03807610        0x0
                0x03807610                __sdata_start = .
 *(.sdata)
 *(.sdata.*)
 *(.gnu.linkonce.s.*)
                0x03807610                __sdata_end = .

.sbss           0x03807610        0x0
                0x03807610                __sbss_start = .
 *(.sbss)
 *(.sbss.*)
 *(.gnu.linkonce.sb.*)
                0x03807610                __sbss_end = .

.tdata          0x03807610        0x0
                0x03807610                __tdata_start = .
 *(.tdata)
 *(.tdata.*)
 *(.gnu.linkonce.td.*)
                0x03807610                __tdata_end = .

.tbss           0x03807610        0x0
                0x03807610                __tbss_start = .
 *(.tbss)
 *(.tbss.*)
 *(.gnu.linkonce.tb.*)
                0x03807610                __tbss_end = .

.bss            0x03807610     0x1380
                0x03807610                __bss_start = .
 *(.bss)
 *(.bss.*)
 .bss.O         0x03807610       0x50 build/src/main.o
                0x03807610                O
 .bss.G         0x03807660       0x50 build/src/main.o
                0x03807660                G
 .bss.P         0x038076b0       0x50 build/src/main.o
                0x038076b0                P
 .bss.SIG_4     0x03807700       0x50 build/src/main.o
                0x03807700                SIG_4
 .bss.SIG_5     0x03807750       0x50 build/src/main.o
                0x03807750                SIG_5
 .bss.SIG_6     0x038077a0       0x50 build/src/main.o
                0x038077a0                SIG_6
 .bss.SIG_7     0x038077f0       0x50 build/src/main.o
                0x038077f0                SIG_7
 .bss.VisionCamera
                0x03807840      0x690 build/src/main.o
                0x03807840                VisionCamera
 .bss._ZStL8__ioinit
                0x03807ed0        0x1 build/src/main.o
 *fill*         0x03807ed1        0x3 
 .bss.Competition
                0x03807ed4       0x28 build/src/main.o
                0x03807ed4                Competition
 .bss.Brain     0x03807efc      0x2e0 build/src/main.o
                0x03807efc                Brain
 .bss.sdcard    0x038081dc        0x1 build/src/main.o
                0x038081dc                sdcard
 *fill*         0x038081dd        0x3 
 .bss.Controller1
                0x038081e0      0x1e0 build/src/main.o
                0x038081e0                Controller1
 .bss.recordedLeftMotor
                0x038083c0       0x44 build/src/main.o
                0x038083c0                recordedLeftMotor
 .bss.recordedRightMotor
                0x03808404       0x44 build/src/main.o
                0x03808404                recordedRightMotor
 .bss.recordedLeftMotorBack
                0x03808448       0x44 build/src/main.o
                0x03808448                recordedLeftMotorBack
 .bss.recordedRightMotorBack
                0x0380848c       0x44 build/src/main.o
                0x0380848c                recordedRightMotorBack
 .bss.recordedArmMotor
                0x038084d0       0x44 build/src/main.o
                0x038084d0                recordedArmMotor
 .bss.recorderIntakeLeft
                0x03808514       0x44 build/src/main.o
                0x03808514                recorderIntakeLeft
 .bss.recorderIntakeRight
                0x03808558       0x44 build/src/main.o
                0x03808558                recorderIntakeRight
 .bss.recorderTilter
                0x0380859c       0x44 build/src/main.o
                0x0380859c                recorderTilter
 .bss.LeftMotor
                0x038085e0       0x28 build/src/main.o
                0x038085e0                LeftMotor
 .bss.RightMotor
                0x03808608       0x28 build/src/main.o
                0x03808608                RightMotor
 .bss.LeftmotorBack
                0x03808630       0x28 build/src/main.o
                0x03808630                LeftmotorBack
 .bss.RightMotorBack
                0x03808658       0x28 build/src/main.o
                0x03808658                RightMotorBack
 .bss.Intake    0x03808680       0x28 build/src/main.o
                0x03808680                Intake
 .bss.IntakeLeft
                0x038086a8       0x28 build/src/main.o
                0x038086a8                IntakeLeft
 .bss.Bar       0x038086d0       0x28 build/src/main.o
                0x038086d0                Bar
 .bss.towerArm  0x038086f8       0x28 build/src/main.o
                0x038086f8                towerArm
 .bss.mysigs    0x03808720      0x140 build/src/main.o
                0x03808720                mysigs
 .bss.buttons   0x03808860       0xa0 build/src/main.o
                0x03808860                buttons
 .bss.switchMode
                0x03808900        0x1 build/src/main.o
                0x03808900                switchMode
 .bss.trayMode  0x03808901        0x1 build/src/main.o
                0x03808901                trayMode
 .bss.hit       0x03808902        0x1 build/src/main.o
                0x03808902                hit
 .bss.tapped    0x03808903        0x1 build/src/main.o
                0x03808903                tapped
 .bss._ZZ6togglevE8lowTower
                0x03808904        0x1 build/src/main.o
 .bss._ZZ9toggleMidvE9highTower
                0x03808905        0x1 build/src/main.o
 *fill*         0x03808906        0x2 
 .bss.__dso_handle
                0x03808908        0x4 C:\Program Files (x86)\VEX Robotics\VEXcode\sdk/vexv5\libv5rt.a(v5_startup.c.obj)
                0x03808908                __dso_handle
 .bss._ZN3vex3fwdE
                0x0380890c        0x4 C:\Program Files (x86)\VEX Robotics\VEXcode\sdk/vexv5\libv5rt.a(vex_global.cpp.obj)
                0x0380890c                vex::fwd
 .bss._ZStL8__ioinit
                0x03808910        0x1 C:\Program Files (x86)\VEX Robotics\VEXcode\sdk/vexv5\libv5rt.a(vex_motor.cpp.obj)
 *fill*         0x03808911        0x3 
 .bss._ZN3vex4task8_labelIdE
                0x03808914        0x4 C:\Program Files (x86)\VEX Robotics\VEXcode\sdk/vexv5\libv5rt.a(vex_task.cpp.obj)
                0x03808914                vex::task::_labelId
 .bss._ZN3vex11competition22bStopTasksBetweenModesE
                0x03808918        0x1 C:\Program Files (x86)\VEX Robotics\VEXcode\sdk/vexv5\libv5rt.a(vex_competition.cpp.obj)
                0x03808918                vex::competition::bStopTasksBetweenModes
 .bss._ZN3vex11competition25bStopAllTasksBetweenModesE
                0x03808919        0x1 C:\Program Files (x86)\VEX Robotics\VEXcode\sdk/vexv5\libv5rt.a(vex_competition.cpp.obj)
                0x03808919                vex::competition::bStopAllTasksBetweenModes
 .bss._ZN3vex11competition14_auton_pendingE
                0x0380891a        0x1 C:\Program Files (x86)\VEX Robotics\VEXcode\sdk/vexv5\libv5rt.a(vex_competition.cpp.obj)
                0x0380891a                vex::competition::_auton_pending
 *fill*         0x0380891b        0x1 
 .bss._ZN3vex11competition20_autonomous_callbackE
                0x0380891c        0x4 C:\Program Files (x86)\VEX Robotics\VEXcode\sdk/vexv5\libv5rt.a(vex_competition.cpp.obj)
                0x0380891c                vex::competition::_autonomous_callback
 .bss._ZN3vex11competition23_drivercontrol_callbackE
                0x03808920        0x4 C:\Program Files (x86)\VEX Robotics\VEXcode\sdk/vexv5\libv5rt.a(vex_competition.cpp.obj)
                0x03808920                vex::competition::_drivercontrol_callback
 .bss._ZN3vex11competition15_driver_pendingE
                0x03808924        0x1 C:\Program Files (x86)\VEX Robotics\VEXcode\sdk/vexv5\libv5rt.a(vex_competition.cpp.obj)
                0x03808924                vex::competition::_driver_pending
 .bss._ZStL8__ioinit
                0x03808925        0x1 C:\Program Files (x86)\VEX Robotics\VEXcode\sdk/vexv5\libv5rt.a(vex_triport.cpp.obj)
 *fill*         0x03808926        0x2 
 .bss._ZN3vex5color6orangeE
                0x03808928        0x8 C:\Program Files (x86)\VEX Robotics\VEXcode\sdk/vexv5\libv5rt.a(vex_color.cpp.obj)
                0x03808928                vex::color::orange
 .bss._ZN3vex5color5blackE
                0x03808930        0x8 C:\Program Files (x86)\VEX Robotics\VEXcode\sdk/vexv5\libv5rt.a(vex_color.cpp.obj)
                0x03808930                vex::color::black
 .bss._ZN3vex5color6yellowE
                0x03808938        0x8 C:\Program Files (x86)\VEX Robotics\VEXcode\sdk/vexv5\libv5rt.a(vex_color.cpp.obj)
                0x03808938                vex::color::yellow
 .bss._ZN3vex5color5greenE
                0x03808940        0x8 C:\Program Files (x86)\VEX Robotics\VEXcode\sdk/vexv5\libv5rt.a(vex_color.cpp.obj)
                0x03808940                vex::color::green
 .bss._ZN3vex5color6purpleE
                0x03808948        0x8 C:\Program Files (x86)\VEX Robotics\VEXcode\sdk/vexv5\libv5rt.a(vex_color.cpp.obj)
                0x03808948                vex::color::purple
 .bss._ZN3vex5color4cyanE
                0x03808950        0x8 C:\Program Files (x86)\VEX Robotics\VEXcode\sdk/vexv5\libv5rt.a(vex_color.cpp.obj)
                0x03808950                vex::color::cyan
 .bss._ZN3vex5color4blueE
                0x03808958        0x8 C:\Program Files (x86)\VEX Robotics\VEXcode\sdk/vexv5\libv5rt.a(vex_color.cpp.obj)
                0x03808958                vex::color::blue
 .bss._ZN3vex5color3redE
                0x03808960        0x8 C:\Program Files (x86)\VEX Robotics\VEXcode\sdk/vexv5\libv5rt.a(vex_color.cpp.obj)
                0x03808960                vex::color::red
 .bss._ZN3vex5color11transparentE
                0x03808968        0x8 C:\Program Files (x86)\VEX Robotics\VEXcode\sdk/vexv5\libv5rt.a(vex_color.cpp.obj)
                0x03808968                vex::color::transparent
 .bss._ZN3vex5color5whiteE
                0x03808970        0x8 C:\Program Files (x86)\VEX Robotics\VEXcode\sdk/vexv5\libv5rt.a(vex_color.cpp.obj)
                0x03808970                vex::color::white
 *(.gnu.linkonce.b.*)
 *(COMMON)
 COMMON         0x03808978       0x18 C:\Program Files (x86)\VEX Robotics\VEXcode\sdk/vexv5\libv5rt.a(v5_startup.c.obj)
                0x0380897c                __vex_critical_section
                0x03808990                __bss_end = .
                0x03807610                _SDA_BASE_ = (__sdata_start + ((__sbss_end - __sdata_start) / 0x2))
                0x038071a5                _SDA2_BASE_ = (__sdata2_start + ((__sbss2_end - __sdata2_start) / 0x2))

.heap           0x03808990   0x100000
                0x03808990                . = ALIGN (0x10)
 *fill*         0x03808990        0x0 
                0x03808990                _heap = .
                0x03808990                HeapBase = .
                0x03808990                _heap_start = .
                0x03908990                . = (. + _HEAP_SIZE)
 *fill*         0x03808990   0x100000 